******************************************************************************
                  MSP430 Linker PC v4.4.6                      
******************************************************************************
>> Linked Sun Nov 15 16:24:15 2015

OUTPUT FILE NAME:   <RSA-MSP430.out>
ENTRY POINT SYMBOL: "_c_int00_noargs_noexit"  address: 00008686


MEMORY CONFIGURATION

         name            origin    length      used     unused   attr    fill
----------------------  --------  ---------  --------  --------  ----  --------
  SFR                   00000000   00000010  00000000  00000010  RWIX
  PERIPHERALS_8BIT      00000010   000000f0  00000000  000000f0  RWIX
  PERIPHERALS_16BIT     00000100   00000100  00000000  00000100  RWIX
  RAM                   00000200   00000400  0000037c  00000084  RWIX
  INFOD                 00001000   00000040  00000000  00000040  RWIX
  INFOC                 00001040   00000040  00000000  00000040  RWIX
  INFOB                 00001080   00000040  00000000  00000040  RWIX
  INFOA                 000010c0   00000040  00000000  00000040  RWIX
  FLASH                 00008000   00007fde  00000830  000077ae  RWIX
  BSLSIGNATURE          0000ffde   00000002  00000002  00000000  RWIX  ffff 
  INT00                 0000ffe0   00000002  00000000  00000002  RWIX
  INT01                 0000ffe2   00000002  00000000  00000002  RWIX
  INT02                 0000ffe4   00000002  00000002  00000000  RWIX
  INT03                 0000ffe6   00000002  00000002  00000000  RWIX
  INT04                 0000ffe8   00000002  00000000  00000002  RWIX
  INT05                 0000ffea   00000002  00000002  00000000  RWIX
  INT06                 0000ffec   00000002  00000002  00000000  RWIX
  INT07                 0000ffee   00000002  00000002  00000000  RWIX
  INT08                 0000fff0   00000002  00000002  00000000  RWIX
  INT09                 0000fff2   00000002  00000002  00000000  RWIX
  INT10                 0000fff4   00000002  00000002  00000000  RWIX
  INT11                 0000fff6   00000002  00000000  00000002  RWIX
  INT12                 0000fff8   00000002  00000002  00000000  RWIX
  INT13                 0000fffa   00000002  00000002  00000000  RWIX
  INT14                 0000fffc   00000002  00000002  00000000  RWIX
  RESET                 0000fffe   00000002  00000002  00000000  RWIX


SECTION ALLOCATION MAP

 output                                  attributes/
section   page    origin      length       input sections
--------  ----  ----------  ----------   ----------------
.sysmem    0    00000200    00000320     UNINITIALIZED
                  00000200    00000004     rts430_eabi.lib : memory.obj (.sysmem)
                  00000204    0000031c     --HOLE--

.bss       0    00000520    00000006     UNINITIALIZED
                  00000520    00000002     (.common:memsize)
                  00000522    00000002     (.common:sys_base)
                  00000524    00000002     (.common:sys_free)

.data      0    00000526    00000006     UNINITIALIZED
                  00000526    00000002     rts430_eabi.lib : _lock.obj (.data:_lock)
                  00000528    00000002                     : _lock.obj (.data:_unlock)
                  0000052a    00000002                     : memory.obj (.data)

.stack     0    000005b0    00000050     UNINITIALIZED
                  000005b0    00000002     rts430_eabi.lib : boot.obj (.stack)
                  000005b2    0000004e     --HOLE--

.text      0    00008000    00000764     
                  00008000    000000fe     main.obj (.text:main)
                  000080fe    000000cc     encrypt.obj (.text:maybe_subtract)
                  000081ca    000000ae     encrypt.obj (.text:bignum_modexp)
                  00008278    000000ae     rts430_eabi.lib : memory.obj (.text:malloc)
                  00008326    000000a6     encrypt.obj (.text:bignum_multiply)
                  000083cc    00000092     encrypt.obj (.text:bignum_mod)
                  0000845e    00000064     rts430_eabi.lib : copy_decompress_rle.obj (.text:__TI_decompress_rle_core)
                  000084c2    0000005c     encrypt.obj (.text:find_topbit)
                  0000851e    00000058     rts430_eabi.lib : autoinit.obj (.text:_auto_init)
                  00008576    0000004c                     : lsr16.obj (.text)
                  000085c2    00000040     encrypt.obj (.text:bignum_copy)
                  00008602    00000038     rts430_eabi.lib : memory.obj (.text:minit)
                  0000863a    0000002c                     : lsl16.obj (.text)
                  00008666    00000020     encrypt.obj (.text:bignum_truncate)
                  00008686    0000001a     rts430_eabi.lib : boot_special.obj (.text:_c_int00_noargs_noexit)
                  000086a0    00000014                     : copy_zero_init.obj (.text:decompress:ZI:__TI_zero_init)
                  000086b4    00000014                     : memset.obj (.text:memset)
                  000086c8    00000014                     : mult16.obj (.text)
                  000086dc    00000012                     : copy_decompress_none.obj (.text:decompress:none:__TI_decompress_none)
                  000086ee    00000012                     : memcpy.obj (.text:memcpy)
                  00008700    00000010     encrypt.obj (.text:bignum_zero)
                  00008710    00000010     rts430_eabi.lib : epilog.obj (.text)
                  00008720    0000000c     encrypt.obj (.text:bignum_set)
                  0000872c    0000000c     encrypt.obj (.text:bignum_setsize)
                  00008738    0000000c     encrypt.obj (.text:bignum_size)
                  00008744    0000000a     encrypt.obj (.text:bignum_index)
                  0000874e    00000006     rts430_eabi.lib : isr_trap.obj (.text:_isr:__TI_ISR_TRAP)
                  00008754    00000006                     : copy_decompress_rle.obj (.text:decompress:rle24:__TI_decompress_rle24)
                  0000875a    00000004                     : pre_init.obj (.text:_system_pre_init)
                  0000875e    00000004                     : exit.obj (.text:abort)
                  00008762    00000002                     : _lock.obj (.text:_nop)

.const     0    00008764    000000b0     
                  00008764    00000080     key.obj (.const:.string:key_n)
                  000087e4    00000024     main.obj (.const)
                  00008808    00000006     key.obj (.const)
                  0000880e    00000003     key.obj (.const:.string:key_e)
                  00008811    00000001     --HOLE-- [fill = 0]
                  00008812    00000002     main.obj (.const:.string:input_num)

.cinit     0    00008814    0000001c     
                  00008814    0000000a     (.cinit..data.load) [load image]
                  0000881e    00000006     (__TI_handler_table)
                  00008824    00000004     (.cinit..bss.load) [load image, compression = zero_init]
                  00008828    00000008     (__TI_cinit_table)

.init_array 
*          0    00008000    00000000     UNINITIALIZED

.TI.persistent 
*          0    00000526    00000000     UNINITIALIZED

$fill000   0    0000ffde    00000002     
                  0000ffde    00000002     --HOLE-- [fill = ffff]

PORT1      0    0000ffe4    00000002     
                  0000ffe4    00000002     rts430_eabi.lib : int02.obj (.int02)

PORT2      0    0000ffe6    00000002     
                  0000ffe6    00000002     rts430_eabi.lib : int03.obj (.int03)

ADC10      0    0000ffea    00000002     
                  0000ffea    00000002     rts430_eabi.lib : int05.obj (.int05)

USCIAB0TX 
*          0    0000ffec    00000002     
                  0000ffec    00000002     rts430_eabi.lib : int06.obj (.int06)

USCIAB0RX 
*          0    0000ffee    00000002     
                  0000ffee    00000002     rts430_eabi.lib : int07.obj (.int07)

TIMERA1    0    0000fff0    00000002     
                  0000fff0    00000002     rts430_eabi.lib : int08.obj (.int08)

TIMERA0    0    0000fff2    00000002     
                  0000fff2    00000002     rts430_eabi.lib : int09.obj (.int09)

WDT        0    0000fff4    00000002     
                  0000fff4    00000002     rts430_eabi.lib : int10.obj (.int10)

TIMERB1    0    0000fff8    00000002     
                  0000fff8    00000002     rts430_eabi.lib : int12.obj (.int12)

TIMERB0    0    0000fffa    00000002     
                  0000fffa    00000002     rts430_eabi.lib : int13.obj (.int13)

NMI        0    0000fffc    00000002     
                  0000fffc    00000002     rts430_eabi.lib : int14.obj (.int14)

.reset     0    0000fffe    00000002     
                  0000fffe    00000002     rts430_eabi.lib : boot.obj (.reset)


LINKER GENERATED COPY TABLES

__TI_cinit_table @ 00008828 records: 2, size/record: 4, table size: 8
	.data: load addr=00008814, load size=0000000a bytes, run addr=00000526, run size=00000006 bytes, compression=copy
	.bss: load addr=00008824, load size=00000004 bytes, run addr=00000520, run size=00000006 bytes, compression=zero_init


LINKER GENERATED HANDLER TABLE

__TI_handler_table @ 0000881e records: 3, size/record: 2, table size: 6
	index: 0, handler: __TI_zero_init
	index: 1, handler: __TI_decompress_rle24
	index: 2, handler: __TI_decompress_none


GLOBAL SYMBOLS: SORTED ALPHABETICALLY BY Name 

address   name                    
-------   ----                    
0000004a  ADC10AE0                
0000004b  ADC10AE1                
000001b0  ADC10CTL0               
000001b2  ADC10CTL1               
00000048  ADC10DTC0               
00000049  ADC10DTC1               
000001b4  ADC10MEM                
000001bc  ADC10SA                 
00000057  BCSCTL1                 
00000058  BCSCTL2                 
00000053  BCSCTL3                 
0000875e  C$$EXIT                 
000010fb  CALBC1_12MHZ            
000010f9  CALBC1_16MHZ            
000010ff  CALBC1_1MHZ             
000010fd  CALBC1_8MHZ             
000010fa  CALDCO_12MHZ            
000010f8  CALDCO_16MHZ            
000010fe  CALDCO_1MHZ             
000010fc  CALDCO_8MHZ             
00000056  DCOCTL                  
00000128  FCTL1                   
0000012a  FCTL2                   
0000012c  FCTL3                   
00000000  IE1                     
00000001  IE2                     
00000002  IFG1                    
00000003  IFG2                    
000000c0  OA0CTL0                 
000000c1  OA0CTL1                 
000000c2  OA1CTL0                 
000000c3  OA1CTL1                 
00000022  P1DIR                   
00000025  P1IE                    
00000024  P1IES                   
00000023  P1IFG                   
00000020  P1IN                    
00000021  P1OUT                   
00000027  P1REN                   
00000026  P1SEL                   
0000002a  P2DIR                   
0000002d  P2IE                    
0000002c  P2IES                   
0000002b  P2IFG                   
00000028  P2IN                    
00000029  P2OUT                   
0000002f  P2REN                   
0000002e  P2SEL                   
0000001a  P3DIR                   
00000018  P3IN                    
00000019  P3OUT                   
00000010  P3REN                   
0000001b  P3SEL                   
0000001e  P4DIR                   
0000001c  P4IN                    
0000001d  P4OUT                   
00000011  P4REN                   
0000001f  P4SEL                   
00000172  TACCR0                  
00000174  TACCR1                  
00000176  TACCR2                  
00000162  TACCTL0                 
00000164  TACCTL1                 
00000166  TACCTL2                 
00000160  TACTL                   
0000012e  TAIV                    
00000170  TAR                     
00000192  TBCCR0                  
00000194  TBCCR1                  
00000196  TBCCR2                  
00000182  TBCCTL0                 
00000184  TBCCTL1                 
00000186  TBCCTL2                 
00000180  TBCTL                   
0000011e  TBIV                    
00000190  TBR                     
0000005d  UCA0ABCTL               
00000062  UCA0BR0                 
00000063  UCA0BR1                 
00000060  UCA0CTL0                
00000061  UCA0CTL1                
0000005f  UCA0IRRCTL              
0000005e  UCA0IRTCTL              
00000064  UCA0MCTL                
00000066  UCA0RXBUF               
00000065  UCA0STAT                
00000067  UCA0TXBUF               
0000006a  UCB0BR0                 
0000006b  UCB0BR1                 
00000068  UCB0CTL0                
00000069  UCB0CTL1                
0000006c  UCB0I2CIE               
00000118  UCB0I2COA               
0000011a  UCB0I2CSA               
0000006e  UCB0RXBUF               
0000006d  UCB0STAT                
0000006f  UCB0TXBUF               
00000120  WDTCTL                  
00000600  __STACK_END             
00000050  __STACK_SIZE            
00000320  __SYSMEM_SIZE           
00008828  __TI_CINIT_Base         
00008830  __TI_CINIT_Limit        
0000881e  __TI_Handler_Table_Base 
00008824  __TI_Handler_Table_Limit
UNDEFED   __TI_INITARRAY_Base     
UNDEFED   __TI_INITARRAY_Limit    
0000874e  __TI_ISR_TRAP           
000086dc  __TI_decompress_none    
00008754  __TI_decompress_rle24   
0000ffe4  __TI_int02              
0000ffe6  __TI_int03              
0000ffea  __TI_int05              
0000ffec  __TI_int06              
0000ffee  __TI_int07              
0000fff0  __TI_int08              
0000fff2  __TI_int09              
0000fff4  __TI_int10              
0000fff8  __TI_int12              
0000fffa  __TI_int13              
0000fffc  __TI_int14              
000086a0  __TI_zero_init          
ffffffff  __binit__               
ffffffff  __c_args__              
0000871c  __mspabi_func_epilog_1  
0000871a  __mspabi_func_epilog_2  
00008718  __mspabi_func_epilog_3  
00008716  __mspabi_func_epilog_4  
00008714  __mspabi_func_epilog_5  
00008712  __mspabi_func_epilog_6  
00008710  __mspabi_func_epilog_7  
000086c8  __mspabi_mpyi           
000086c8  __mspabi_mpyi_sw        
0000863a  __mspabi_slli           
00008662  __mspabi_slli_1         
00008650  __mspabi_slli_10        
0000864e  __mspabi_slli_11        
0000864c  __mspabi_slli_12        
0000864a  __mspabi_slli_13        
00008648  __mspabi_slli_14        
00008646  __mspabi_slli_15        
00008660  __mspabi_slli_2         
0000865e  __mspabi_slli_3         
0000865c  __mspabi_slli_4         
0000865a  __mspabi_slli_5         
00008658  __mspabi_slli_6         
00008656  __mspabi_slli_7         
00008654  __mspabi_slli_8         
00008652  __mspabi_slli_9         
00008576  __mspabi_srli           
000085bc  __mspabi_srli_1         
00008598  __mspabi_srli_10        
00008594  __mspabi_srli_11        
00008590  __mspabi_srli_12        
0000858c  __mspabi_srli_13        
00008588  __mspabi_srli_14        
00008584  __mspabi_srli_15        
000085b8  __mspabi_srli_2         
000085b4  __mspabi_srli_3         
000085b0  __mspabi_srli_4         
000085ac  __mspabi_srli_5         
000085a8  __mspabi_srli_6         
000085a4  __mspabi_srli_7         
000085a0  __mspabi_srli_8         
0000859c  __mspabi_srli_9         
0000851e  _auto_init              
00008686  _c_int00_noargs_noexit  
00000526  _lock                   
00008762  _nop                    
0000fffe  _reset_vector           
000005b0  _stack                  
00000200  _sys_memory             
0000875a  _system_pre_init        
00000528  _unlock                 
0000875e  abort                   
000085c2  bignum_copy             
00008744  bignum_index            
000083cc  bignum_mod              
000081ca  bignum_modexp           
00008326  bignum_multiply         
00008720  bignum_set              
0000872c  bignum_setsize          
00008738  bignum_size             
00008666  bignum_truncate         
00008700  bignum_zero             
ffffffff  binit                   
000084c2  find_topbit             
000087e4  in                      
00008812  input_num               
0000880c  key_d_size              
0000880e  key_e                   
0000880a  key_e_size              
00008764  key_n                   
00008808  key_n_size              
00008000  main                    
00008278  malloc                  
000080fe  maybe_subtract          
000086ee  memcpy                  
000086b4  memset                  
00008602  minit                   


GLOBAL SYMBOLS: SORTED BY Symbol Address 

address   name                    
-------   ----                    
00000000  IE1                     
00000001  IE2                     
00000002  IFG1                    
00000003  IFG2                    
00000010  P3REN                   
00000011  P4REN                   
00000018  P3IN                    
00000019  P3OUT                   
0000001a  P3DIR                   
0000001b  P3SEL                   
0000001c  P4IN                    
0000001d  P4OUT                   
0000001e  P4DIR                   
0000001f  P4SEL                   
00000020  P1IN                    
00000021  P1OUT                   
00000022  P1DIR                   
00000023  P1IFG                   
00000024  P1IES                   
00000025  P1IE                    
00000026  P1SEL                   
00000027  P1REN                   
00000028  P2IN                    
00000029  P2OUT                   
0000002a  P2DIR                   
0000002b  P2IFG                   
0000002c  P2IES                   
0000002d  P2IE                    
0000002e  P2SEL                   
0000002f  P2REN                   
00000048  ADC10DTC0               
00000049  ADC10DTC1               
0000004a  ADC10AE0                
0000004b  ADC10AE1                
00000050  __STACK_SIZE            
00000053  BCSCTL3                 
00000056  DCOCTL                  
00000057  BCSCTL1                 
00000058  BCSCTL2                 
0000005d  UCA0ABCTL               
0000005e  UCA0IRTCTL              
0000005f  UCA0IRRCTL              
00000060  UCA0CTL0                
00000061  UCA0CTL1                
00000062  UCA0BR0                 
00000063  UCA0BR1                 
00000064  UCA0MCTL                
00000065  UCA0STAT                
00000066  UCA0RXBUF               
00000067  UCA0TXBUF               
00000068  UCB0CTL0                
00000069  UCB0CTL1                
0000006a  UCB0BR0                 
0000006b  UCB0BR1                 
0000006c  UCB0I2CIE               
0000006d  UCB0STAT                
0000006e  UCB0RXBUF               
0000006f  UCB0TXBUF               
000000c0  OA0CTL0                 
000000c1  OA0CTL1                 
000000c2  OA1CTL0                 
000000c3  OA1CTL1                 
00000118  UCB0I2COA               
0000011a  UCB0I2CSA               
0000011e  TBIV                    
00000120  WDTCTL                  
00000128  FCTL1                   
0000012a  FCTL2                   
0000012c  FCTL3                   
0000012e  TAIV                    
00000160  TACTL                   
00000162  TACCTL0                 
00000164  TACCTL1                 
00000166  TACCTL2                 
00000170  TAR                     
00000172  TACCR0                  
00000174  TACCR1                  
00000176  TACCR2                  
00000180  TBCTL                   
00000182  TBCCTL0                 
00000184  TBCCTL1                 
00000186  TBCCTL2                 
00000190  TBR                     
00000192  TBCCR0                  
00000194  TBCCR1                  
00000196  TBCCR2                  
000001b0  ADC10CTL0               
000001b2  ADC10CTL1               
000001b4  ADC10MEM                
000001bc  ADC10SA                 
00000200  _sys_memory             
00000320  __SYSMEM_SIZE           
00000526  _lock                   
00000528  _unlock                 
000005b0  _stack                  
00000600  __STACK_END             
000010f8  CALDCO_16MHZ            
000010f9  CALBC1_16MHZ            
000010fa  CALDCO_12MHZ            
000010fb  CALBC1_12MHZ            
000010fc  CALDCO_8MHZ             
000010fd  CALBC1_8MHZ             
000010fe  CALDCO_1MHZ             
000010ff  CALBC1_1MHZ             
00008000  main                    
000080fe  maybe_subtract          
000081ca  bignum_modexp           
00008278  malloc                  
00008326  bignum_multiply         
000083cc  bignum_mod              
000084c2  find_topbit             
0000851e  _auto_init              
00008576  __mspabi_srli           
00008584  __mspabi_srli_15        
00008588  __mspabi_srli_14        
0000858c  __mspabi_srli_13        
00008590  __mspabi_srli_12        
00008594  __mspabi_srli_11        
00008598  __mspabi_srli_10        
0000859c  __mspabi_srli_9         
000085a0  __mspabi_srli_8         
000085a4  __mspabi_srli_7         
000085a8  __mspabi_srli_6         
000085ac  __mspabi_srli_5         
000085b0  __mspabi_srli_4         
000085b4  __mspabi_srli_3         
000085b8  __mspabi_srli_2         
000085bc  __mspabi_srli_1         
000085c2  bignum_copy             
00008602  minit                   
0000863a  __mspabi_slli           
00008646  __mspabi_slli_15        
00008648  __mspabi_slli_14        
0000864a  __mspabi_slli_13        
0000864c  __mspabi_slli_12        
0000864e  __mspabi_slli_11        
00008650  __mspabi_slli_10        
00008652  __mspabi_slli_9         
00008654  __mspabi_slli_8         
00008656  __mspabi_slli_7         
00008658  __mspabi_slli_6         
0000865a  __mspabi_slli_5         
0000865c  __mspabi_slli_4         
0000865e  __mspabi_slli_3         
00008660  __mspabi_slli_2         
00008662  __mspabi_slli_1         
00008666  bignum_truncate         
00008686  _c_int00_noargs_noexit  
000086a0  __TI_zero_init          
000086b4  memset                  
000086c8  __mspabi_mpyi           
000086c8  __mspabi_mpyi_sw        
000086dc  __TI_decompress_none    
000086ee  memcpy                  
00008700  bignum_zero             
00008710  __mspabi_func_epilog_7  
00008712  __mspabi_func_epilog_6  
00008714  __mspabi_func_epilog_5  
00008716  __mspabi_func_epilog_4  
00008718  __mspabi_func_epilog_3  
0000871a  __mspabi_func_epilog_2  
0000871c  __mspabi_func_epilog_1  
00008720  bignum_set              
0000872c  bignum_setsize          
00008738  bignum_size             
00008744  bignum_index            
0000874e  __TI_ISR_TRAP           
00008754  __TI_decompress_rle24   
0000875a  _system_pre_init        
0000875e  C$$EXIT                 
0000875e  abort                   
00008762  _nop                    
00008764  key_n                   
000087e4  in                      
00008808  key_n_size              
0000880a  key_e_size              
0000880c  key_d_size              
0000880e  key_e                   
00008812  input_num               
0000881e  __TI_Handler_Table_Base 
00008824  __TI_Handler_Table_Limit
00008828  __TI_CINIT_Base         
00008830  __TI_CINIT_Limit        
0000ffe4  __TI_int02              
0000ffe6  __TI_int03              
0000ffea  __TI_int05              
0000ffec  __TI_int06              
0000ffee  __TI_int07              
0000fff0  __TI_int08              
0000fff2  __TI_int09              
0000fff4  __TI_int10              
0000fff8  __TI_int12              
0000fffa  __TI_int13              
0000fffc  __TI_int14              
0000fffe  _reset_vector           
ffffffff  __binit__               
ffffffff  __c_args__              
ffffffff  binit                   
UNDEFED   __TI_INITARRAY_Base     
UNDEFED   __TI_INITARRAY_Limit    

[200 symbols]
