<?xml version="1.0"?>
<link_info>
   <banner>MSP430 Linker PC v4.4.6</banner>
   <copyright>Copyright (c) 2003-2015 Texas Instruments Incorporated</copyright>
   <link_time>0x5648ce80</link_time>
   <link_errors>0x0</link_errors>
   <output_file>RSA-MSP430.out</output_file>
   <entry_point>
      <name>_c_int00_noargs</name>
      <address>0x99b6</address>
   </entry_point>
   <input_file_list>
      <input_file id="fl-2">
         <path>.\</path>
         <kind>object</kind>
         <file>encrypt.obj</file>
         <name>encrypt.obj</name>
      </input_file>
      <input_file id="fl-3">
         <path>.\</path>
         <kind>object</kind>
         <file>key.obj</file>
         <name>key.obj</name>
      </input_file>
      <input_file id="fl-4">
         <path>.\</path>
         <kind>object</kind>
         <file>main.obj</file>
         <name>main.obj</name>
      </input_file>
      <input_file id="fl-33">
         <path>C:\ti\ccsv6\tools\compiler\ti-cgt-msp430_4.4.6\lib\</path>
         <kind>archive</kind>
         <file>rts430_eabi.lib</file>
         <name>assert.obj</name>
      </input_file>
      <input_file id="fl-34">
         <path>C:\ti\ccsv6\tools\compiler\ti-cgt-msp430_4.4.6\lib\</path>
         <kind>archive</kind>
         <file>rts430_eabi.lib</file>
         <name>boot.obj</name>
      </input_file>
      <input_file id="fl-35">
         <path>C:\ti\ccsv6\tools\compiler\ti-cgt-msp430_4.4.6\lib\</path>
         <kind>archive</kind>
         <file>rts430_eabi.lib</file>
         <name>boot_special.obj</name>
      </input_file>
      <input_file id="fl-36">
         <path>C:\ti\ccsv6\tools\compiler\ti-cgt-msp430_4.4.6\lib\</path>
         <kind>archive</kind>
         <file>rts430_eabi.lib</file>
         <name>copy_decompress_none.obj</name>
      </input_file>
      <input_file id="fl-37">
         <path>C:\ti\ccsv6\tools\compiler\ti-cgt-msp430_4.4.6\lib\</path>
         <kind>archive</kind>
         <file>rts430_eabi.lib</file>
         <name>copy_decompress_rle.obj</name>
      </input_file>
      <input_file id="fl-38">
         <path>C:\ti\ccsv6\tools\compiler\ti-cgt-msp430_4.4.6\lib\</path>
         <kind>archive</kind>
         <file>rts430_eabi.lib</file>
         <name>copy_zero_init.obj</name>
      </input_file>
      <input_file id="fl-39">
         <path>C:\ti\ccsv6\tools\compiler\ti-cgt-msp430_4.4.6\lib\</path>
         <kind>archive</kind>
         <file>rts430_eabi.lib</file>
         <name>defs.obj</name>
      </input_file>
      <input_file id="fl-3a">
         <path>C:\ti\ccsv6\tools\compiler\ti-cgt-msp430_4.4.6\lib\</path>
         <kind>archive</kind>
         <file>rts430_eabi.lib</file>
         <name>epilog.obj</name>
      </input_file>
      <input_file id="fl-3b">
         <path>C:\ti\ccsv6\tools\compiler\ti-cgt-msp430_4.4.6\lib\</path>
         <kind>archive</kind>
         <file>rts430_eabi.lib</file>
         <name>exit.obj</name>
      </input_file>
      <input_file id="fl-3c">
         <path>C:\ti\ccsv6\tools\compiler\ti-cgt-msp430_4.4.6\lib\</path>
         <kind>archive</kind>
         <file>rts430_eabi.lib</file>
         <name>exit_gvars.obj</name>
      </input_file>
      <input_file id="fl-3d">
         <path>C:\ti\ccsv6\tools\compiler\ti-cgt-msp430_4.4.6\lib\</path>
         <kind>archive</kind>
         <file>rts430_eabi.lib</file>
         <name>fflush.obj</name>
      </input_file>
      <input_file id="fl-3e">
         <path>C:\ti\ccsv6\tools\compiler\ti-cgt-msp430_4.4.6\lib\</path>
         <kind>archive</kind>
         <file>rts430_eabi.lib</file>
         <name>fputs.obj</name>
      </input_file>
      <input_file id="fl-3f">
         <path>C:\ti\ccsv6\tools\compiler\ti-cgt-msp430_4.4.6\lib\</path>
         <kind>archive</kind>
         <file>rts430_eabi.lib</file>
         <name>int02.obj</name>
      </input_file>
      <input_file id="fl-40">
         <path>C:\ti\ccsv6\tools\compiler\ti-cgt-msp430_4.4.6\lib\</path>
         <kind>archive</kind>
         <file>rts430_eabi.lib</file>
         <name>int03.obj</name>
      </input_file>
      <input_file id="fl-41">
         <path>C:\ti\ccsv6\tools\compiler\ti-cgt-msp430_4.4.6\lib\</path>
         <kind>archive</kind>
         <file>rts430_eabi.lib</file>
         <name>int05.obj</name>
      </input_file>
      <input_file id="fl-42">
         <path>C:\ti\ccsv6\tools\compiler\ti-cgt-msp430_4.4.6\lib\</path>
         <kind>archive</kind>
         <file>rts430_eabi.lib</file>
         <name>int06.obj</name>
      </input_file>
      <input_file id="fl-43">
         <path>C:\ti\ccsv6\tools\compiler\ti-cgt-msp430_4.4.6\lib\</path>
         <kind>archive</kind>
         <file>rts430_eabi.lib</file>
         <name>int07.obj</name>
      </input_file>
      <input_file id="fl-44">
         <path>C:\ti\ccsv6\tools\compiler\ti-cgt-msp430_4.4.6\lib\</path>
         <kind>archive</kind>
         <file>rts430_eabi.lib</file>
         <name>int08.obj</name>
      </input_file>
      <input_file id="fl-45">
         <path>C:\ti\ccsv6\tools\compiler\ti-cgt-msp430_4.4.6\lib\</path>
         <kind>archive</kind>
         <file>rts430_eabi.lib</file>
         <name>int09.obj</name>
      </input_file>
      <input_file id="fl-46">
         <path>C:\ti\ccsv6\tools\compiler\ti-cgt-msp430_4.4.6\lib\</path>
         <kind>archive</kind>
         <file>rts430_eabi.lib</file>
         <name>int10.obj</name>
      </input_file>
      <input_file id="fl-47">
         <path>C:\ti\ccsv6\tools\compiler\ti-cgt-msp430_4.4.6\lib\</path>
         <kind>archive</kind>
         <file>rts430_eabi.lib</file>
         <name>int12.obj</name>
      </input_file>
      <input_file id="fl-48">
         <path>C:\ti\ccsv6\tools\compiler\ti-cgt-msp430_4.4.6\lib\</path>
         <kind>archive</kind>
         <file>rts430_eabi.lib</file>
         <name>int13.obj</name>
      </input_file>
      <input_file id="fl-49">
         <path>C:\ti\ccsv6\tools\compiler\ti-cgt-msp430_4.4.6\lib\</path>
         <kind>archive</kind>
         <file>rts430_eabi.lib</file>
         <name>int14.obj</name>
      </input_file>
      <input_file id="fl-4a">
         <path>C:\ti\ccsv6\tools\compiler\ti-cgt-msp430_4.4.6\lib\</path>
         <kind>archive</kind>
         <file>rts430_eabi.lib</file>
         <name>isr_trap.obj</name>
      </input_file>
      <input_file id="fl-4b">
         <path>C:\ti\ccsv6\tools\compiler\ti-cgt-msp430_4.4.6\lib\</path>
         <kind>archive</kind>
         <file>rts430_eabi.lib</file>
         <name>lowlev.obj</name>
      </input_file>
      <input_file id="fl-4c">
         <path>C:\ti\ccsv6\tools\compiler\ti-cgt-msp430_4.4.6\lib\</path>
         <kind>archive</kind>
         <file>rts430_eabi.lib</file>
         <name>lsl16.obj</name>
      </input_file>
      <input_file id="fl-4d">
         <path>C:\ti\ccsv6\tools\compiler\ti-cgt-msp430_4.4.6\lib\</path>
         <kind>archive</kind>
         <file>rts430_eabi.lib</file>
         <name>lsr16.obj</name>
      </input_file>
      <input_file id="fl-4e">
         <path>C:\ti\ccsv6\tools\compiler\ti-cgt-msp430_4.4.6\lib\</path>
         <kind>archive</kind>
         <file>rts430_eabi.lib</file>
         <name>memchr.obj</name>
      </input_file>
      <input_file id="fl-4f">
         <path>C:\ti\ccsv6\tools\compiler\ti-cgt-msp430_4.4.6\lib\</path>
         <kind>archive</kind>
         <file>rts430_eabi.lib</file>
         <name>memcpy.obj</name>
      </input_file>
      <input_file id="fl-50">
         <path>C:\ti\ccsv6\tools\compiler\ti-cgt-msp430_4.4.6\lib\</path>
         <kind>archive</kind>
         <file>rts430_eabi.lib</file>
         <name>memset.obj</name>
      </input_file>
      <input_file id="fl-51">
         <path>C:\ti\ccsv6\tools\compiler\ti-cgt-msp430_4.4.6\lib\</path>
         <kind>archive</kind>
         <file>rts430_eabi.lib</file>
         <name>mpu_init.obj</name>
      </input_file>
      <input_file id="fl-52">
         <path>C:\ti\ccsv6\tools\compiler\ti-cgt-msp430_4.4.6\lib\</path>
         <kind>archive</kind>
         <file>rts430_eabi.lib</file>
         <name>mult16.obj</name>
      </input_file>
      <input_file id="fl-53">
         <path>C:\ti\ccsv6\tools\compiler\ti-cgt-msp430_4.4.6\lib\</path>
         <kind>archive</kind>
         <file>rts430_eabi.lib</file>
         <name>pre_init.obj</name>
      </input_file>
      <input_file id="fl-54">
         <path>C:\ti\ccsv6\tools\compiler\ti-cgt-msp430_4.4.6\lib\</path>
         <kind>archive</kind>
         <file>rts430_eabi.lib</file>
         <name>printf.obj</name>
      </input_file>
      <input_file id="fl-55">
         <path>C:\ti\ccsv6\tools\compiler\ti-cgt-msp430_4.4.6\lib\</path>
         <kind>archive</kind>
         <file>rts430_eabi.lib</file>
         <name>strchr.obj</name>
      </input_file>
      <input_file id="fl-56">
         <path>C:\ti\ccsv6\tools\compiler\ti-cgt-msp430_4.4.6\lib\</path>
         <kind>archive</kind>
         <file>rts430_eabi.lib</file>
         <name>strcmp.obj</name>
      </input_file>
      <input_file id="fl-57">
         <path>C:\ti\ccsv6\tools\compiler\ti-cgt-msp430_4.4.6\lib\</path>
         <kind>archive</kind>
         <file>rts430_eabi.lib</file>
         <name>strlen.obj</name>
      </input_file>
      <input_file id="fl-58">
         <path>C:\ti\ccsv6\tools\compiler\ti-cgt-msp430_4.4.6\lib\</path>
         <kind>archive</kind>
         <file>rts430_eabi.lib</file>
         <name>strncpy.obj</name>
      </input_file>
      <input_file id="fl-59">
         <path>C:\ti\ccsv6\tools\compiler\ti-cgt-msp430_4.4.6\lib\</path>
         <kind>archive</kind>
         <file>rts430_eabi.lib</file>
         <name>trgdrv.obj</name>
      </input_file>
      <input_file id="fl-5a">
         <path>C:\ti\ccsv6\tools\compiler\ti-cgt-msp430_4.4.6\lib\</path>
         <kind>archive</kind>
         <file>rts430_eabi.lib</file>
         <name>trgmsg.obj</name>
      </input_file>
      <input_file id="fl-5b">
         <path>C:\ti\ccsv6\tools\compiler\ti-cgt-msp430_4.4.6\lib\</path>
         <kind>archive</kind>
         <file>rts430_eabi.lib</file>
         <name>vla_alloc.obj</name>
      </input_file>
      <input_file id="fl-5c">
         <path>C:\ti\ccsv6\tools\compiler\ti-cgt-msp430_4.4.6\lib\</path>
         <kind>archive</kind>
         <file>rts430_eabi.lib</file>
         <name>_io_perm.obj</name>
      </input_file>
      <input_file id="fl-5d">
         <path>C:\ti\ccsv6\tools\compiler\ti-cgt-msp430_4.4.6\lib\</path>
         <kind>archive</kind>
         <file>rts430_eabi.lib</file>
         <name>_lock.obj</name>
      </input_file>
      <input_file id="fl-5e">
         <path>C:\ti\ccsv6\tools\compiler\ti-cgt-msp430_4.4.6\lib\</path>
         <kind>archive</kind>
         <file>rts430_eabi.lib</file>
         <name>_printfi_min.obj</name>
      </input_file>
      <input_file id="fl-5f">
         <path>C:\ti\ccsv6\tools\compiler\ti-cgt-msp430_4.4.6\lib\</path>
         <kind>archive</kind>
         <file>rts430_eabi.lib</file>
         <name>args_main.obj</name>
      </input_file>
      <input_file id="fl-60">
         <path>C:\ti\ccsv6\tools\compiler\ti-cgt-msp430_4.4.6\lib\</path>
         <kind>archive</kind>
         <file>rts430_eabi.lib</file>
         <name>autoinit.obj</name>
      </input_file>
      <input_file id="fl-61">
         <path>C:\ti\ccsv6\tools\compiler\ti-cgt-msp430_4.4.6\lib\</path>
         <kind>archive</kind>
         <file>rts430_eabi.lib</file>
         <name>div16u.obj</name>
      </input_file>
      <input_file id="fl-62">
         <path>C:\ti\ccsv6\tools\compiler\ti-cgt-msp430_4.4.6\lib\</path>
         <kind>archive</kind>
         <file>rts430_eabi.lib</file>
         <name>error.obj</name>
      </input_file>
      <input_file id="fl-63">
         <path>C:\ti\ccsv6\tools\compiler\ti-cgt-msp430_4.4.6\lib\</path>
         <kind>archive</kind>
         <file>rts430_eabi.lib</file>
         <name>fprintf.obj</name>
      </input_file>
      <input_file id="fl-64">
         <path>C:\ti\ccsv6\tools\compiler\ti-cgt-msp430_4.4.6\lib\</path>
         <kind>archive</kind>
         <file>rts430_eabi.lib</file>
         <name>fputc.obj</name>
      </input_file>
      <input_file id="fl-65">
         <path>C:\ti\ccsv6\tools\compiler\ti-cgt-msp430_4.4.6\lib\</path>
         <kind>archive</kind>
         <file>rts430_eabi.lib</file>
         <name>fseek.obj</name>
      </input_file>
      <input_file id="fl-66">
         <path>C:\ti\ccsv6\tools\compiler\ti-cgt-msp430_4.4.6\lib\</path>
         <kind>archive</kind>
         <file>rts430_eabi.lib</file>
         <name>lsl32.obj</name>
      </input_file>
      <input_file id="fl-67">
         <path>C:\ti\ccsv6\tools\compiler\ti-cgt-msp430_4.4.6\lib\</path>
         <kind>archive</kind>
         <file>rts430_eabi.lib</file>
         <name>lsr32.obj</name>
      </input_file>
      <input_file id="fl-68">
         <path>C:\ti\ccsv6\tools\compiler\ti-cgt-msp430_4.4.6\lib\</path>
         <kind>archive</kind>
         <file>rts430_eabi.lib</file>
         <name>memccpy.obj</name>
      </input_file>
      <input_file id="fl-69">
         <path>C:\ti\ccsv6\tools\compiler\ti-cgt-msp430_4.4.6\lib\</path>
         <kind>archive</kind>
         <file>rts430_eabi.lib</file>
         <name>memory.obj</name>
      </input_file>
      <input_file id="fl-6a">
         <path>C:\ti\ccsv6\tools\compiler\ti-cgt-msp430_4.4.6\lib\</path>
         <kind>archive</kind>
         <file>rts430_eabi.lib</file>
         <name>setvbuf.obj</name>
      </input_file>
      <input_file id="fl-6b">
         <path>C:\ti\ccsv6\tools\compiler\ti-cgt-msp430_4.4.6\lib\</path>
         <kind>archive</kind>
         <file>rts430_eabi.lib</file>
         <name>strcpy.obj</name>
      </input_file>
      <input_file id="fl-6c">
         <path>C:\ti\ccsv6\tools\compiler\ti-cgt-msp430_4.4.6\lib\</path>
         <kind>archive</kind>
         <file>rts430_eabi.lib</file>
         <name>fopen.obj</name>
      </input_file>
      <input_file id="fl-6d">
         <path>C:\ti\ccsv6\tools\compiler\ti-cgt-msp430_4.4.6\lib\</path>
         <kind>archive</kind>
         <file>rts430_eabi.lib</file>
         <name>fclose.obj</name>
      </input_file>
      <input_file id="fl-6e">
         <path>C:\ti\ccsv6\tools\compiler\ti-cgt-msp430_4.4.6\lib\</path>
         <kind>archive</kind>
         <file>rts430_eabi.lib</file>
         <name>remove.obj</name>
      </input_file>
   </input_file_list>
   <object_component_list>
      <object_component id="oc-3bd">
         <name>.common:__TI_tmpnams</name>
         <uninitialized>true</uninitialized>
         <run_address>0x41c</run_address>
         <size>0xa0</size>
      </object_component>
      <object_component id="oc-3c6">
         <name>.common:parmbuf</name>
         <uninitialized>true</uninitialized>
         <run_address>0x4c8</run_address>
         <size>0x8</size>
      </object_component>
      <object_component id="oc-183">
         <name>.common:curr_vla_pool</name>
         <uninitialized>true</uninitialized>
         <run_address>0x4d0</run_address>
         <size>0x2</size>
      </object_component>
      <object_component id="oc-229">
         <name>.common:pool$1</name>
         <uninitialized>true</uninitialized>
         <run_address>0x4bc</run_address>
         <size>0xc</size>
      </object_component>
      <object_component id="oc-23b">
         <name>.common:sys_free</name>
         <uninitialized>true</uninitialized>
         <run_address>0x4d6</run_address>
         <size>0x2</size>
      </object_component>
      <object_component id="oc-286">
         <name>.common:sys_base</name>
         <uninitialized>true</uninitialized>
         <run_address>0x4d4</run_address>
         <size>0x2</size>
      </object_component>
      <object_component id="oc-285">
         <name>.common:memsize</name>
         <uninitialized>true</uninitialized>
         <run_address>0x4d2</run_address>
         <size>0x2</size>
      </object_component>
      <object_component id="oc-8d">
         <name>.sysmem</name>
         <uninitialized>true</uninitialized>
         <run_address>0x4d8</run_address>
         <size>0x4</size>
         <input_file_ref idref="fl-69"/>
      </object_component>
      <object_component id="oc-46a">
         <name>.sysmem</name>
         <uninitialized>true</uninitialized>
         <run_address>0x4d8</run_address>
         <size>0x0</size>
      </object_component>
      <object_component id="oc-89">
         <name>.stack</name>
         <uninitialized>true</uninitialized>
         <run_address>0x5b0</run_address>
         <size>0x2</size>
         <input_file_ref idref="fl-34"/>
      </object_component>
      <object_component id="oc-469">
         <name>.stack</name>
         <uninitialized>true</uninitialized>
         <run_address>0x5b0</run_address>
         <size>0x0</size>
      </object_component>
      <object_component id="oc-125">
         <name>.text:__vla_alloc</name>
         <load_address>0x8000</load_address>
         <run_address>0x8000</run_address>
         <size>0x184</size>
         <input_file_ref idref="fl-5b"/>
      </object_component>
      <object_component id="oc-d6">
         <name>.text:main</name>
         <load_address>0x8184</load_address>
         <run_address>0x8184</run_address>
         <size>0x132</size>
         <input_file_ref idref="fl-4"/>
      </object_component>
      <object_component id="oc-22b">
         <name>.text:realloc</name>
         <load_address>0x82b6</load_address>
         <run_address>0x82b6</run_address>
         <size>0x12e</size>
         <input_file_ref idref="fl-69"/>
      </object_component>
      <object_component id="oc-2b8">
         <name>.text:_setfield</name>
         <load_address>0x83e4</load_address>
         <run_address>0x83e4</run_address>
         <size>0x116</size>
         <input_file_ref idref="fl-5e"/>
      </object_component>
      <object_component id="oc-256">
         <name>.text:maybe_subtract</name>
         <load_address>0x84fa</load_address>
         <run_address>0x84fa</run_address>
         <size>0xee</size>
         <input_file_ref idref="fl-2"/>
      </object_component>
      <object_component id="oc-28b">
         <name>.text:fputs</name>
         <load_address>0x85e8</load_address>
         <run_address>0x85e8</run_address>
         <size>0xea</size>
         <input_file_ref idref="fl-3e"/>
      </object_component>
      <object_component id="oc-315">
         <name>.text:setvbuf</name>
         <load_address>0x86d2</load_address>
         <run_address>0x86d2</run_address>
         <size>0xd0</size>
         <input_file_ref idref="fl-6a"/>
      </object_component>
      <object_component id="oc-27d">
         <name>.text:__TI_printfi_minimal</name>
         <load_address>0x87a2</load_address>
         <run_address>0x87a2</run_address>
         <size>0xca</size>
         <input_file_ref idref="fl-5e"/>
      </object_component>
      <object_component id="oc-1ce">
         <name>.text:bignum_multiply</name>
         <load_address>0x886c</load_address>
         <run_address>0x886c</run_address>
         <size>0xc6</size>
         <input_file_ref idref="fl-2"/>
      </object_component>
      <object_component id="oc-13d">
         <name>.text:__vla_dealloc</name>
         <load_address>0x8932</load_address>
         <run_address>0x8932</run_address>
         <size>0xc2</size>
         <input_file_ref idref="fl-5b"/>
      </object_component>
      <object_component id="oc-137">
         <name>.text:bignum_modexp</name>
         <load_address>0x89f4</load_address>
         <run_address>0x89f4</run_address>
         <size>0xb8</size>
         <input_file_ref idref="fl-2"/>
      </object_component>
      <object_component id="oc-198">
         <name>.text:malloc</name>
         <load_address>0x8aac</load_address>
         <run_address>0x8aac</run_address>
         <size>0xae</size>
         <input_file_ref idref="fl-69"/>
      </object_component>
      <object_component id="oc-1d4">
         <name>.text:bignum_mod</name>
         <load_address>0x8b5a</load_address>
         <run_address>0x8b5a</run_address>
         <size>0xac</size>
         <input_file_ref idref="fl-2"/>
      </object_component>
      <object_component id="oc-186">
         <name>.text:_Z21free_dead_allocationsPv</name>
         <load_address>0x8c06</load_address>
         <run_address>0x8c06</run_address>
         <size>0x9a</size>
         <input_file_ref idref="fl-5b"/>
      </object_component>
      <object_component id="oc-2ab">
         <name>.text:fputc</name>
         <load_address>0x8ca0</load_address>
         <run_address>0x8ca0</run_address>
         <size>0x90</size>
         <input_file_ref idref="fl-64"/>
      </object_component>
      <object_component id="oc-39d">
         <name>.text:HOSTlseek</name>
         <load_address>0x8d30</load_address>
         <run_address>0x8d30</run_address>
         <size>0x8c</size>
         <input_file_ref idref="fl-59"/>
      </object_component>
      <object_component id="oc-1e7">
         <name>.text:free</name>
         <load_address>0x8dbc</load_address>
         <run_address>0x8dbc</run_address>
         <size>0x80</size>
         <input_file_ref idref="fl-69"/>
      </object_component>
      <object_component id="oc-2d2">
         <name>.text:__TI_wrt_ok</name>
         <load_address>0x8e3c</load_address>
         <run_address>0x8e3c</run_address>
         <size>0x7a</size>
         <input_file_ref idref="fl-5c"/>
      </object_component>
      <object_component id="oc-37c">
         <name>.text:__TI_closefile</name>
         <load_address>0x8eb6</load_address>
         <run_address>0x8eb6</run_address>
         <size>0x72</size>
         <input_file_ref idref="fl-6d"/>
      </object_component>
      <object_component id="oc-30f">
         <name>.text:fseek</name>
         <load_address>0x8f28</load_address>
         <run_address>0x8f28</run_address>
         <size>0x70</size>
         <input_file_ref idref="fl-65"/>
      </object_component>
      <object_component id="oc-3a9">
         <name>.text:HOSTrename</name>
         <load_address>0x8f98</load_address>
         <run_address>0x8f98</run_address>
         <size>0x6a</size>
         <input_file_ref idref="fl-59"/>
      </object_component>
      <object_component id="oc-385">
         <name>.text:HOSTopen</name>
         <load_address>0x9002</load_address>
         <run_address>0x9002</run_address>
         <size>0x64</size>
         <input_file_ref idref="fl-59"/>
      </object_component>
      <object_component id="oc-9d">
         <name>.text:__TI_decompress_rle_core</name>
         <load_address>0x9066</load_address>
         <run_address>0x9066</run_address>
         <size>0x64</size>
         <input_file_ref idref="fl-37"/>
      </object_component>
      <object_component id="oc-1c8">
         <name>.text:find_topbit</name>
         <load_address>0x90ca</load_address>
         <run_address>0x90ca</run_address>
         <size>0x64</size>
         <input_file_ref idref="fl-2"/>
      </object_component>
      <object_component id="oc-2de">
         <name>.text:__TI_doflush</name>
         <load_address>0x912e</load_address>
         <run_address>0x912e</run_address>
         <size>0x62</size>
         <input_file_ref idref="fl-3d"/>
      </object_component>
      <object_component id="oc-397">
         <name>.text:HOSTwrite</name>
         <load_address>0x9190</load_address>
         <run_address>0x9190</run_address>
         <size>0x60</size>
         <input_file_ref idref="fl-59"/>
      </object_component>
      <object_component id="oc-391">
         <name>.text:HOSTread</name>
         <load_address>0x91f0</load_address>
         <run_address>0x91f0</run_address>
         <size>0x5e</size>
         <input_file_ref idref="fl-59"/>
      </object_component>
      <object_component id="oc-3d9">
         <name>.text:l_lsr_const</name>
         <load_address>0x924e</load_address>
         <run_address>0x924e</run_address>
         <size>0x5c</size>
         <input_file_ref idref="fl-67"/>
      </object_component>
      <object_component id="oc-bc">
         <name>.text:_auto_init</name>
         <load_address>0x92aa</load_address>
         <run_address>0x92aa</run_address>
         <size>0x58</size>
         <input_file_ref idref="fl-60"/>
      </object_component>
      <object_component id="oc-291">
         <name>.text:fflush</name>
         <load_address>0x9302</load_address>
         <run_address>0x9302</run_address>
         <size>0x58</size>
         <input_file_ref idref="fl-3d"/>
      </object_component>
      <object_component id="oc-3ee">
         <name>.text:getdevice</name>
         <load_address>0x935a</load_address>
         <run_address>0x935a</run_address>
         <size>0x58</size>
         <input_file_ref idref="fl-4b"/>
      </object_component>
      <object_component id="oc-337">
         <name>.text:_ltostr</name>
         <load_address>0x93b2</load_address>
         <run_address>0x93b2</run_address>
         <size>0x56</size>
         <input_file_ref idref="fl-5e"/>
      </object_component>
      <object_component id="oc-250">
         <name>.text:bignum_copy</name>
         <load_address>0x9408</load_address>
         <run_address>0x9408</run_address>
         <size>0x50</size>
         <input_file_ref idref="fl-2"/>
      </object_component>
      <object_component id="oc-2fa">
         <name>.text:_pproc_diouxp</name>
         <load_address>0x9458</load_address>
         <run_address>0x9458</run_address>
         <size>0x4e</size>
         <input_file_ref idref="fl-5e"/>
      </object_component>
      <object_component id="oc-17e">
         <name>.text</name>
         <load_address>0x94a6</load_address>
         <run_address>0x94a6</run_address>
         <size>0x4c</size>
         <input_file_ref idref="fl-4d"/>
      </object_component>
      <object_component id="oc-3b7">
         <name>.text:close</name>
         <load_address>0x94f2</load_address>
         <run_address>0x94f2</run_address>
         <size>0x4a</size>
         <input_file_ref idref="fl-4b"/>
      </object_component>
      <object_component id="oc-2be">
         <name>.text:_pproc_str</name>
         <load_address>0x953c</load_address>
         <run_address>0x953c</run_address>
         <size>0x48</size>
         <input_file_ref idref="fl-5e"/>
      </object_component>
      <object_component id="oc-38b">
         <name>.text:HOSTclose</name>
         <load_address>0x9584</load_address>
         <run_address>0x9584</run_address>
         <size>0x42</size>
         <input_file_ref idref="fl-59"/>
      </object_component>
      <object_component id="oc-192">
         <name>.text:_Z31increase_curr_vla_pool_capacityv</name>
         <load_address>0x95c6</load_address>
         <run_address>0x95c6</run_address>
         <size>0x42</size>
         <input_file_ref idref="fl-5b"/>
      </object_component>
      <object_component id="oc-1f1">
         <name>.text:fprintf</name>
         <load_address>0x9608</load_address>
         <run_address>0x9608</run_address>
         <size>0x42</size>
         <input_file_ref idref="fl-63"/>
      </object_component>
      <object_component id="oc-3a3">
         <name>.text:HOSTunlink</name>
         <load_address>0x964a</load_address>
         <run_address>0x964a</run_address>
         <size>0x40</size>
         <input_file_ref idref="fl-59"/>
      </object_component>
      <object_component id="oc-3de">
         <name>.text:l_lsl_const</name>
         <load_address>0x968a</load_address>
         <run_address>0x968a</run_address>
         <size>0x3e</size>
         <input_file_ref idref="fl-66"/>
      </object_component>
      <object_component id="oc-18c">
         <name>.text:_Z18init_curr_vla_poolv</name>
         <load_address>0x96c8</load_address>
         <run_address>0x96c8</run_address>
         <size>0x38</size>
         <input_file_ref idref="fl-5b"/>
      </object_component>
      <object_component id="oc-235">
         <name>.text:minit</name>
         <load_address>0x9700</load_address>
         <run_address>0x9700</run_address>
         <size>0x38</size>
         <input_file_ref idref="fl-69"/>
      </object_component>
      <object_component id="oc-34d">
         <name>.text:__TI_cleanup</name>
         <load_address>0x9738</load_address>
         <run_address>0x9738</run_address>
         <size>0x34</size>
         <input_file_ref idref="fl-6c"/>
      </object_component>
      <object_component id="oc-40f">
         <name>.text:finddevice</name>
         <load_address>0x976c</load_address>
         <run_address>0x976c</run_address>
         <size>0x34</size>
         <input_file_ref idref="fl-4b"/>
      </object_component>
      <object_component id="oc-3c9">
         <name>.text:__TI_writemsg</name>
         <load_address>0x97a0</load_address>
         <run_address>0x97a0</run_address>
         <size>0x2e</size>
         <input_file_ref idref="fl-5a"/>
      </object_component>
      <object_component id="oc-331">
         <name>.text:_getarg_diouxp</name>
         <load_address>0x97ce</load_address>
         <run_address>0x97ce</run_address>
         <size>0x2e</size>
         <input_file_ref idref="fl-5e"/>
      </object_component>
      <object_component id="oc-1c2">
         <name>.text:bignum_set</name>
         <load_address>0x97fc</load_address>
         <run_address>0x97fc</run_address>
         <size>0x2e</size>
         <input_file_ref idref="fl-2"/>
      </object_component>
      <object_component id="oc-3cf">
         <name>.text:__TI_readmsg</name>
         <load_address>0x982a</load_address>
         <run_address>0x982a</run_address>
         <size>0x2c</size>
         <input_file_ref idref="fl-5a"/>
      </object_component>
      <object_component id="oc-1da">
         <name>.text</name>
         <load_address>0x9856</load_address>
         <run_address>0x9856</run_address>
         <size>0x2c</size>
         <input_file_ref idref="fl-4c"/>
      </object_component>
      <object_component id="oc-409">
         <name>.text:strncpy</name>
         <load_address>0x9882</load_address>
         <run_address>0x9882</run_address>
         <size>0x2c</size>
         <input_file_ref idref="fl-58"/>
      </object_component>
      <object_component id="oc-c8">
         <name>.text:exit</name>
         <load_address>0x98ae</load_address>
         <run_address>0x98ae</run_address>
         <size>0x2a</size>
         <input_file_ref idref="fl-3b"/>
      </object_component>
      <object_component id="oc-1df">
         <name>.text:bignum_index</name>
         <load_address>0x98d8</load_address>
         <run_address>0x98d8</run_address>
         <size>0x28</size>
         <input_file_ref idref="fl-2"/>
      </object_component>
      <object_component id="oc-3be">
         <name>.text:unlink</name>
         <load_address>0x9900</load_address>
         <run_address>0x9900</run_address>
         <size>0x28</size>
         <input_file_ref idref="fl-4b"/>
      </object_component>
      <object_component id="oc-345">
         <name>.text:lseek</name>
         <load_address>0x9928</load_address>
         <run_address>0x9928</run_address>
         <size>0x26</size>
         <input_file_ref idref="fl-4b"/>
      </object_component>
      <object_component id="oc-1bc">
         <name>.text:bignum_setsize</name>
         <load_address>0x994e</load_address>
         <run_address>0x994e</run_address>
         <size>0x24</size>
         <input_file_ref idref="fl-2"/>
      </object_component>
      <object_component id="oc-2e4">
         <name>.text:write</name>
         <load_address>0x9972</load_address>
         <run_address>0x9972</run_address>
         <size>0x24</size>
         <input_file_ref idref="fl-4b"/>
      </object_component>
      <object_component id="oc-25c">
         <name>.text:bignum_truncate</name>
         <load_address>0x9996</load_address>
         <run_address>0x9996</run_address>
         <size>0x20</size>
         <input_file_ref idref="fl-2"/>
      </object_component>
      <object_component id="oc-59">
         <name>.text:_c_int00_noargs</name>
         <load_address>0x99b6</load_address>
         <run_address>0x99b6</run_address>
         <size>0x1c</size>
         <input_file_ref idref="fl-35"/>
      </object_component>
      <object_component id="oc-240">
         <name>.text:_abort_msg</name>
         <load_address>0x99d2</load_address>
         <run_address>0x99d2</run_address>
         <size>0x1a</size>
         <input_file_ref idref="fl-33"/>
      </object_component>
      <object_component id="oc-300">
         <name>.text:memccpy</name>
         <load_address>0x99ec</load_address>
         <run_address>0x99ec</run_address>
         <size>0x1a</size>
         <input_file_ref idref="fl-68"/>
      </object_component>
      <object_component id="oc-403">
         <name>.text:strchr</name>
         <load_address>0x9a06</load_address>
         <run_address>0x9a06</run_address>
         <size>0x1a</size>
         <input_file_ref idref="fl-55"/>
      </object_component>
      <object_component id="oc-370">
         <name>.text:_div</name>
         <load_address>0x9a20</load_address>
         <run_address>0x9a20</run_address>
         <size>0x18</size>
         <input_file_ref idref="fl-5e"/>
      </object_component>
      <object_component id="oc-420">
         <name>.text:strcmp</name>
         <load_address>0x9a38</load_address>
         <run_address>0x9a38</run_address>
         <size>0x18</size>
         <input_file_ref idref="fl-56"/>
      </object_component>
      <object_component id="oc-3b1">
         <name>.text</name>
         <load_address>0x9a50</load_address>
         <run_address>0x9a50</run_address>
         <size>0x16</size>
         <input_file_ref idref="fl-61"/>
      </object_component>
      <object_component id="oc-47">
         <name>.text:decompress:ZI:__TI_zero_init</name>
         <load_address>0x9a66</load_address>
         <run_address>0x9a66</run_address>
         <size>0x14</size>
         <input_file_ref idref="fl-38"/>
      </object_component>
      <object_component id="oc-2d8">
         <name>.text:memchr</name>
         <load_address>0x9a7a</load_address>
         <run_address>0x9a7a</run_address>
         <size>0x14</size>
         <input_file_ref idref="fl-4e"/>
      </object_component>
      <object_component id="oc-299">
         <name>.text:memset</name>
         <load_address>0x9a8e</load_address>
         <run_address>0x9a8e</run_address>
         <size>0x14</size>
         <input_file_ref idref="fl-50"/>
      </object_component>
      <object_component id="oc-19e">
         <name>.text</name>
         <load_address>0x9aa2</load_address>
         <run_address>0x9aa2</run_address>
         <size>0x14</size>
         <input_file_ref idref="fl-52"/>
      </object_component>
      <object_component id="oc-30">
         <name>.text:decompress:none:__TI_decompress_none</name>
         <load_address>0x9ab6</load_address>
         <run_address>0x9ab6</run_address>
         <size>0x12</size>
         <input_file_ref idref="fl-36"/>
      </object_component>
      <object_component id="oc-90">
         <name>.text:memcpy</name>
         <load_address>0x9ac8</load_address>
         <run_address>0x9ac8</run_address>
         <size>0x12</size>
         <input_file_ref idref="fl-4f"/>
      </object_component>
      <object_component id="oc-249">
         <name>.text:bignum_zero</name>
         <load_address>0x9ada</load_address>
         <run_address>0x9ada</run_address>
         <size>0x10</size>
         <input_file_ref idref="fl-2"/>
      </object_component>
      <object_component id="oc-103">
         <name>.text</name>
         <load_address>0x9aea</load_address>
         <run_address>0x9aea</run_address>
         <size>0x10</size>
         <input_file_ref idref="fl-3a"/>
      </object_component>
      <object_component id="oc-3e5">
         <name>.text:strcpy</name>
         <load_address>0x9afa</load_address>
         <run_address>0x9afa</run_address>
         <size>0x10</size>
         <input_file_ref idref="fl-6b"/>
      </object_component>
      <object_component id="oc-2b2">
         <name>.text:strlen</name>
         <load_address>0x9b0a</load_address>
         <run_address>0x9b0a</run_address>
         <size>0xe</size>
         <input_file_ref idref="fl-57"/>
      </object_component>
      <object_component id="oc-1b6">
         <name>.text:bignum_size</name>
         <load_address>0x9b18</load_address>
         <run_address>0x9b18</run_address>
         <size>0xc</size>
         <input_file_ref idref="fl-2"/>
      </object_component>
      <object_component id="oc-aa">
         <name>.text:_isr:__TI_ISR_TRAP</name>
         <load_address>0x9b24</load_address>
         <run_address>0x9b24</run_address>
         <size>0x6</size>
         <input_file_ref idref="fl-4a"/>
      </object_component>
      <object_component id="oc-277">
         <name>.text:_outc</name>
         <load_address>0x9b2a</load_address>
         <run_address>0x9b2a</run_address>
         <size>0x6</size>
         <input_file_ref idref="fl-63"/>
      </object_component>
      <object_component id="oc-36">
         <name>.text:decompress:rle24:__TI_decompress_rle24</name>
         <load_address>0x9b30</load_address>
         <run_address>0x9b30</run_address>
         <size>0x6</size>
         <input_file_ref idref="fl-37"/>
      </object_component>
      <object_component id="oc-178">
         <name>.text:__abort_execution</name>
         <load_address>0x9b36</load_address>
         <run_address>0x9b36</run_address>
         <size>0x4</size>
         <input_file_ref idref="fl-62"/>
      </object_component>
      <object_component id="oc-271">
         <name>.text:_outs</name>
         <load_address>0x9b3a</load_address>
         <run_address>0x9b3a</run_address>
         <size>0x4</size>
         <input_file_ref idref="fl-63"/>
      </object_component>
      <object_component id="oc-b6">
         <name>.text:_system_pre_init</name>
         <load_address>0x9b3e</load_address>
         <run_address>0x9b3e</run_address>
         <size>0x4</size>
         <input_file_ref idref="fl-53"/>
      </object_component>
      <object_component id="oc-de">
         <name>.text:abort</name>
         <load_address>0x9b42</load_address>
         <run_address>0x9b42</run_address>
         <size>0x4</size>
         <input_file_ref idref="fl-3b"/>
      </object_component>
      <object_component id="oc-163">
         <name>.text:_nop</name>
         <load_address>0x9b46</load_address>
         <run_address>0x9b46</run_address>
         <size>0x2</size>
         <input_file_ref idref="fl-5d"/>
      </object_component>
      <object_component id="oc-467">
         <name>.cinit..data.load</name>
         <load_address>0x9f44</load_address>
         <run_address>0x9f44</run_address>
         <size>0x44</size>
      </object_component>
      <object_component id="oc-464">
         <name>__TI_handler_table</name>
         <load_address>0x9f88</load_address>
         <run_address>0x9f88</run_address>
         <size>0x6</size>
      </object_component>
      <object_component id="oc-466">
         <name>.cinit..bss.load</name>
         <load_address>0x9f8e</load_address>
         <run_address>0x9f8e</run_address>
         <size>0x4</size>
      </object_component>
      <object_component id="oc-468">
         <name>.cinit..cio.load</name>
         <load_address>0x9f92</load_address>
         <run_address>0x9f92</run_address>
         <size>0x4</size>
      </object_component>
      <object_component id="oc-465">
         <name>__TI_cinit_table</name>
         <load_address>0x9f96</load_address>
         <run_address>0x9f96</run_address>
         <size>0xc</size>
      </object_component>
      <object_component id="oc-23f">
         <name>.const:.string</name>
         <load_address>0x9b48</load_address>
         <run_address>0x9b48</run_address>
         <size>0x304</size>
         <input_file_ref idref="fl-2"/>
      </object_component>
      <object_component id="oc-134">
         <name>.const:.string:key_n</name>
         <load_address>0x9e4c</load_address>
         <run_address>0x9e4c</run_address>
         <size>0x80</size>
         <input_file_ref idref="fl-3"/>
      </object_component>
      <object_component id="oc-1ed">
         <name>.const:.string</name>
         <load_address>0x9ecc</load_address>
         <run_address>0x9ecc</run_address>
         <size>0x36</size>
         <input_file_ref idref="fl-5b"/>
      </object_component>
      <object_component id="oc-12b">
         <name>.const</name>
         <load_address>0x9f02</load_address>
         <run_address>0x9f02</run_address>
         <size>0x24</size>
         <input_file_ref idref="fl-4"/>
      </object_component>
      <object_component id="oc-2f9">
         <name>.const:.string</name>
         <load_address>0x9f26</load_address>
         <run_address>0x9f26</run_address>
         <size>0x14</size>
         <input_file_ref idref="fl-5e"/>
      </object_component>
      <object_component id="oc-122">
         <name>.const</name>
         <load_address>0x9f3a</load_address>
         <run_address>0x9f3a</run_address>
         <size>0x6</size>
         <input_file_ref idref="fl-3"/>
      </object_component>
      <object_component id="oc-131">
         <name>.const:.string:key_e</name>
         <load_address>0x9f40</load_address>
         <run_address>0x9f40</run_address>
         <size>0x3</size>
         <input_file_ref idref="fl-3"/>
      </object_component>
      <object_component id="oc-3f9">
         <name>.cio</name>
         <uninitialized>true</uninitialized>
         <run_address>0x200</run_address>
         <size>0x120</size>
         <input_file_ref idref="fl-5a"/>
      </object_component>
      <object_component id="oc-3c">
         <name>.int02</name>
         <load_address>0xffe4</load_address>
         <run_address>0xffe4</run_address>
         <size>0x2</size>
         <input_file_ref idref="fl-3f"/>
      </object_component>
      <object_component id="oc-3d">
         <name>.int03</name>
         <load_address>0xffe6</load_address>
         <run_address>0xffe6</run_address>
         <size>0x2</size>
         <input_file_ref idref="fl-40"/>
      </object_component>
      <object_component id="oc-3e">
         <name>.int05</name>
         <load_address>0xffea</load_address>
         <run_address>0xffea</run_address>
         <size>0x2</size>
         <input_file_ref idref="fl-41"/>
      </object_component>
      <object_component id="oc-3f">
         <name>.int06</name>
         <load_address>0xffec</load_address>
         <run_address>0xffec</run_address>
         <size>0x2</size>
         <input_file_ref idref="fl-42"/>
      </object_component>
      <object_component id="oc-40">
         <name>.int07</name>
         <load_address>0xffee</load_address>
         <run_address>0xffee</run_address>
         <size>0x2</size>
         <input_file_ref idref="fl-43"/>
      </object_component>
      <object_component id="oc-41">
         <name>.int08</name>
         <load_address>0xfff0</load_address>
         <run_address>0xfff0</run_address>
         <size>0x2</size>
         <input_file_ref idref="fl-44"/>
      </object_component>
      <object_component id="oc-42">
         <name>.int09</name>
         <load_address>0xfff2</load_address>
         <run_address>0xfff2</run_address>
         <size>0x2</size>
         <input_file_ref idref="fl-45"/>
      </object_component>
      <object_component id="oc-43">
         <name>.int10</name>
         <load_address>0xfff4</load_address>
         <run_address>0xfff4</run_address>
         <size>0x2</size>
         <input_file_ref idref="fl-46"/>
      </object_component>
      <object_component id="oc-44">
         <name>.int12</name>
         <load_address>0xfff8</load_address>
         <run_address>0xfff8</run_address>
         <size>0x2</size>
         <input_file_ref idref="fl-47"/>
      </object_component>
      <object_component id="oc-45">
         <name>.int13</name>
         <load_address>0xfffa</load_address>
         <run_address>0xfffa</run_address>
         <size>0x2</size>
         <input_file_ref idref="fl-48"/>
      </object_component>
      <object_component id="oc-46">
         <name>.int14</name>
         <load_address>0xfffc</load_address>
         <run_address>0xfffc</run_address>
         <size>0x2</size>
         <input_file_ref idref="fl-49"/>
      </object_component>
      <object_component id="oc-8c">
         <name>.reset</name>
         <load_address>0xfffe</load_address>
         <run_address>0xfffe</run_address>
         <size>0x2</size>
         <input_file_ref idref="fl-34"/>
      </object_component>
      <object_component id="oc-12e">
         <name>.data:input_num</name>
         <load_address>0x416</load_address>
         <run_address>0x416</run_address>
         <size>0x2</size>
         <input_file_ref idref="fl-4"/>
      </object_component>
      <object_component id="oc-1ee">
         <name>.data:_ftable</name>
         <load_address>0x320</load_address>
         <run_address>0x320</run_address>
         <size>0x78</size>
         <input_file_ref idref="fl-39"/>
      </object_component>
      <object_component id="oc-2ec">
         <name>.data</name>
         <load_address>0x418</load_address>
         <run_address>0x418</run_address>
         <size>0x2</size>
         <input_file_ref idref="fl-39"/>
      </object_component>
      <object_component id="oc-119">
         <name>.data:__TI_cleanup_ptr</name>
         <load_address>0x40e</load_address>
         <run_address>0x40e</run_address>
         <size>0x2</size>
         <input_file_ref idref="fl-3c"/>
      </object_component>
      <object_component id="oc-116">
         <name>.data:__TI_dtors_ptr</name>
         <load_address>0x410</load_address>
         <run_address>0x410</run_address>
         <size>0x2</size>
         <input_file_ref idref="fl-3c"/>
      </object_component>
      <object_component id="oc-35e">
         <name>.data:_device</name>
         <load_address>0x398</load_address>
         <run_address>0x398</run_address>
         <size>0x4e</size>
         <input_file_ref idref="fl-4b"/>
      </object_component>
      <object_component id="oc-320">
         <name>.data:_stream</name>
         <load_address>0x3e6</load_address>
         <run_address>0x3e6</run_address>
         <size>0x28</size>
         <input_file_ref idref="fl-4b"/>
      </object_component>
      <object_component id="oc-113">
         <name>.data:_lock</name>
         <load_address>0x412</load_address>
         <run_address>0x412</run_address>
         <size>0x2</size>
         <input_file_ref idref="fl-5d"/>
      </object_component>
      <object_component id="oc-11c">
         <name>.data:_unlock</name>
         <load_address>0x414</load_address>
         <run_address>0x414</run_address>
         <size>0x2</size>
         <input_file_ref idref="fl-5d"/>
      </object_component>
      <object_component id="oc-232">
         <name>.data</name>
         <load_address>0x41a</load_address>
         <run_address>0x41a</run_address>
         <size>0x2</size>
         <input_file_ref idref="fl-69"/>
      </object_component>
      <object_component id="oc-1e6">
         <name>.debug_info</name>
         <load_address>0x0</load_address>
         <run_address>0x0</run_address>
         <size>0x231</size>
         <input_file_ref idref="fl-2"/>
      </object_component>
      <object_component id="oc-1c3">
         <name>.debug_info</name>
         <load_address>0x231</load_address>
         <run_address>0x231</run_address>
         <size>0x1a5</size>
         <input_file_ref idref="fl-2"/>
      </object_component>
      <object_component id="oc-1e0">
         <name>.debug_info</name>
         <load_address>0x3d6</load_address>
         <run_address>0x3d6</run_address>
         <size>0x18f</size>
         <input_file_ref idref="fl-2"/>
      </object_component>
      <object_component id="oc-1b7">
         <name>.debug_info</name>
         <load_address>0x565</load_address>
         <run_address>0x565</run_address>
         <size>0x156</size>
         <input_file_ref idref="fl-2"/>
      </object_component>
      <object_component id="oc-1bd">
         <name>.debug_info</name>
         <load_address>0x6bb</load_address>
         <run_address>0x6bb</run_address>
         <size>0x18b</size>
         <input_file_ref idref="fl-2"/>
      </object_component>
      <object_component id="oc-24a">
         <name>.debug_info</name>
         <load_address>0x846</load_address>
         <run_address>0x846</run_address>
         <size>0x15f</size>
         <input_file_ref idref="fl-2"/>
      </object_component>
      <object_component id="oc-1c9">
         <name>.debug_info</name>
         <load_address>0x9a5</load_address>
         <run_address>0x9a5</run_address>
         <size>0x218</size>
         <input_file_ref idref="fl-2"/>
      </object_component>
      <object_component id="oc-25d">
         <name>.debug_info</name>
         <load_address>0xbbd</load_address>
         <run_address>0xbbd</run_address>
         <size>0x19a</size>
         <input_file_ref idref="fl-2"/>
      </object_component>
      <object_component id="oc-1cf">
         <name>.debug_info</name>
         <load_address>0xd57</load_address>
         <run_address>0xd57</run_address>
         <size>0x2dc</size>
         <input_file_ref idref="fl-2"/>
      </object_component>
      <object_component id="oc-251">
         <name>.debug_info</name>
         <load_address>0x1033</load_address>
         <run_address>0x1033</run_address>
         <size>0x1ca</size>
         <input_file_ref idref="fl-2"/>
      </object_component>
      <object_component id="oc-257">
         <name>.debug_info</name>
         <load_address>0x11fd</load_address>
         <run_address>0x11fd</run_address>
         <size>0x381</size>
         <input_file_ref idref="fl-2"/>
      </object_component>
      <object_component id="oc-1d5">
         <name>.debug_info</name>
         <load_address>0x157e</load_address>
         <run_address>0x157e</run_address>
         <size>0x2f2</size>
         <input_file_ref idref="fl-2"/>
      </object_component>
      <object_component id="oc-138">
         <name>.debug_info</name>
         <load_address>0x1870</load_address>
         <run_address>0x1870</run_address>
         <size>0x2e9</size>
         <input_file_ref idref="fl-2"/>
      </object_component>
      <object_component id="oc-267">
         <name>.debug_info</name>
         <load_address>0x1b59</load_address>
         <run_address>0x1b59</run_address>
         <size>0xc8</size>
         <input_file_ref idref="fl-2"/>
      </object_component>
      <object_component id="oc-ec">
         <name>.debug_info</name>
         <load_address>0x1c21</load_address>
         <run_address>0x1c21</run_address>
         <size>0x84</size>
         <input_file_ref idref="fl-2"/>
      </object_component>
      <object_component id="oc-1ff">
         <name>.debug_info</name>
         <load_address>0x1ca5</load_address>
         <run_address>0x1ca5</run_address>
         <size>0x18b</size>
         <input_file_ref idref="fl-2"/>
      </object_component>
      <object_component id="oc-145">
         <name>.debug_info</name>
         <load_address>0x1e30</load_address>
         <run_address>0x1e30</run_address>
         <size>0x9d</size>
         <input_file_ref idref="fl-2"/>
      </object_component>
      <object_component id="oc-2c6">
         <name>.debug_info</name>
         <load_address>0x1ecd</load_address>
         <run_address>0x1ecd</run_address>
         <size>0x2c</size>
         <input_file_ref idref="fl-2"/>
      </object_component>
      <object_component id="oc-177">
         <name>.debug_info</name>
         <load_address>0x1ef9</load_address>
         <run_address>0x1ef9</run_address>
         <size>0xdf</size>
         <input_file_ref idref="fl-3"/>
      </object_component>
      <object_component id="oc-135">
         <name>.debug_info</name>
         <load_address>0x1fd8</load_address>
         <run_address>0x1fd8</run_address>
         <size>0xce</size>
         <input_file_ref idref="fl-3"/>
      </object_component>
      <object_component id="oc-123">
         <name>.debug_info</name>
         <load_address>0x20a6</load_address>
         <run_address>0x20a6</run_address>
         <size>0x122</size>
         <input_file_ref idref="fl-3"/>
      </object_component>
      <object_component id="oc-132">
         <name>.debug_info</name>
         <load_address>0x21c8</load_address>
         <run_address>0x21c8</run_address>
         <size>0xce</size>
         <input_file_ref idref="fl-3"/>
      </object_component>
      <object_component id="oc-1fa">
         <name>.debug_info</name>
         <load_address>0x2296</load_address>
         <run_address>0x2296</run_address>
         <size>0x46</size>
         <input_file_ref idref="fl-3"/>
      </object_component>
      <object_component id="oc-144">
         <name>.debug_info</name>
         <load_address>0x22dc</load_address>
         <run_address>0x22dc</run_address>
         <size>0x270</size>
         <input_file_ref idref="fl-4"/>
      </object_component>
      <object_component id="oc-12f">
         <name>.debug_info</name>
         <load_address>0x254c</load_address>
         <run_address>0x254c</run_address>
         <size>0xc2</size>
         <input_file_ref idref="fl-4"/>
      </object_component>
      <object_component id="oc-12c">
         <name>.debug_info</name>
         <load_address>0x260e</load_address>
         <run_address>0x260e</run_address>
         <size>0x153</size>
         <input_file_ref idref="fl-4"/>
      </object_component>
      <object_component id="oc-d9">
         <name>.debug_info</name>
         <load_address>0x2761</load_address>
         <run_address>0x2761</run_address>
         <size>0x2a1</size>
         <input_file_ref idref="fl-4"/>
      </object_component>
      <object_component id="oc-298">
         <name>.debug_info</name>
         <load_address>0x2a02</load_address>
         <run_address>0x2a02</run_address>
         <size>0x1ca</size>
         <input_file_ref idref="fl-33"/>
      </object_component>
      <object_component id="oc-244">
         <name>.debug_info</name>
         <load_address>0x2bcc</load_address>
         <run_address>0x2bcc</run_address>
         <size>0x14d</size>
         <input_file_ref idref="fl-33"/>
      </object_component>
      <object_component id="oc-2a5">
         <name>.debug_info</name>
         <load_address>0x2d19</load_address>
         <run_address>0x2d19</run_address>
         <size>0xae</size>
         <input_file_ref idref="fl-33"/>
      </object_component>
      <object_component id="oc-8a">
         <name>.debug_info</name>
         <load_address>0x2dc7</load_address>
         <run_address>0x2dc7</run_address>
         <size>0xd6</size>
         <input_file_ref idref="fl-34"/>
      </object_component>
      <object_component id="oc-5c">
         <name>.debug_info</name>
         <load_address>0x2e9d</load_address>
         <run_address>0x2e9d</run_address>
         <size>0x168</size>
         <input_file_ref idref="fl-35"/>
      </object_component>
      <object_component id="oc-9c">
         <name>.debug_info</name>
         <load_address>0x3005</load_address>
         <run_address>0x3005</run_address>
         <size>0x193</size>
         <input_file_ref idref="fl-36"/>
      </object_component>
      <object_component id="oc-31">
         <name>.debug_info</name>
         <load_address>0x3198</load_address>
         <run_address>0x3198</run_address>
         <size>0x1c0</size>
         <input_file_ref idref="fl-36"/>
      </object_component>
      <object_component id="oc-97">
         <name>.debug_info</name>
         <load_address>0x3358</load_address>
         <run_address>0x3358</run_address>
         <size>0x46</size>
         <input_file_ref idref="fl-36"/>
      </object_component>
      <object_component id="oc-fc">
         <name>.debug_info</name>
         <load_address>0x339e</load_address>
         <run_address>0x339e</run_address>
         <size>0x2c</size>
         <input_file_ref idref="fl-36"/>
      </object_component>
      <object_component id="oc-a4">
         <name>.debug_info</name>
         <load_address>0x33ca</load_address>
         <run_address>0x33ca</run_address>
         <size>0x155</size>
         <input_file_ref idref="fl-37"/>
      </object_component>
      <object_component id="oc-a0">
         <name>.debug_info</name>
         <load_address>0x351f</load_address>
         <run_address>0x351f</run_address>
         <size>0x21b</size>
         <input_file_ref idref="fl-37"/>
      </object_component>
      <object_component id="oc-39">
         <name>.debug_info</name>
         <load_address>0x373a</load_address>
         <run_address>0x373a</run_address>
         <size>0x192</size>
         <input_file_ref idref="fl-37"/>
      </object_component>
      <object_component id="oc-a5">
         <name>.debug_info</name>
         <load_address>0x38cc</load_address>
         <run_address>0x38cc</run_address>
         <size>0x39</size>
         <input_file_ref idref="fl-37"/>
      </object_component>
      <object_component id="oc-b5">
         <name>.debug_info</name>
         <load_address>0x3905</load_address>
         <run_address>0x3905</run_address>
         <size>0x14b</size>
         <input_file_ref idref="fl-38"/>
      </object_component>
      <object_component id="oc-4a">
         <name>.debug_info</name>
         <load_address>0x3a50</load_address>
         <run_address>0x3a50</run_address>
         <size>0x196</size>
         <input_file_ref idref="fl-38"/>
      </object_component>
      <object_component id="oc-b0">
         <name>.debug_info</name>
         <load_address>0x3be6</load_address>
         <run_address>0x3be6</run_address>
         <size>0x46</size>
         <input_file_ref idref="fl-38"/>
      </object_component>
      <object_component id="oc-f7">
         <name>.debug_info</name>
         <load_address>0x3c2c</load_address>
         <run_address>0x3c2c</run_address>
         <size>0x2c</size>
         <input_file_ref idref="fl-38"/>
      </object_component>
      <object_component id="oc-26f">
         <name>.debug_info</name>
         <load_address>0x3c58</load_address>
         <run_address>0x3c58</run_address>
         <size>0x114</size>
         <input_file_ref idref="fl-39"/>
      </object_component>
      <object_component id="oc-1ef">
         <name>.debug_info</name>
         <load_address>0x3d6c</load_address>
         <run_address>0x3d6c</run_address>
         <size>0xd8</size>
         <input_file_ref idref="fl-39"/>
      </object_component>
      <object_component id="oc-2ed">
         <name>.debug_info</name>
         <load_address>0x3e44</load_address>
         <run_address>0x3e44</run_address>
         <size>0xe0</size>
         <input_file_ref idref="fl-39"/>
      </object_component>
      <object_component id="oc-104">
         <name>.debug_info</name>
         <load_address>0x3f24</load_address>
         <run_address>0x3f24</run_address>
         <size>0x10b</size>
         <input_file_ref idref="fl-3a"/>
      </object_component>
      <object_component id="oc-120">
         <name>.debug_info</name>
         <load_address>0x402f</load_address>
         <run_address>0x402f</run_address>
         <size>0x1d6</size>
         <input_file_ref idref="fl-3b"/>
      </object_component>
      <object_component id="oc-df">
         <name>.debug_info</name>
         <load_address>0x4205</load_address>
         <run_address>0x4205</run_address>
         <size>0xf8</size>
         <input_file_ref idref="fl-3b"/>
      </object_component>
      <object_component id="oc-c9">
         <name>.debug_info</name>
         <load_address>0x42fd</load_address>
         <run_address>0x42fd</run_address>
         <size>0x153</size>
         <input_file_ref idref="fl-3b"/>
      </object_component>
      <object_component id="oc-16e">
         <name>.debug_info</name>
         <load_address>0x4450</load_address>
         <run_address>0x4450</run_address>
         <size>0xd9</size>
         <input_file_ref idref="fl-3c"/>
      </object_component>
      <object_component id="oc-11a">
         <name>.debug_info</name>
         <load_address>0x4529</load_address>
         <run_address>0x4529</run_address>
         <size>0xf0</size>
         <input_file_ref idref="fl-3c"/>
      </object_component>
      <object_component id="oc-117">
         <name>.debug_info</name>
         <load_address>0x4619</load_address>
         <run_address>0x4619</run_address>
         <size>0xec</size>
         <input_file_ref idref="fl-3c"/>
      </object_component>
      <object_component id="oc-2f0">
         <name>.debug_info</name>
         <load_address>0x4705</load_address>
         <run_address>0x4705</run_address>
         <size>0x1f5</size>
         <input_file_ref idref="fl-3d"/>
      </object_component>
      <object_component id="oc-2e1">
         <name>.debug_info</name>
         <load_address>0x48fa</load_address>
         <run_address>0x48fa</run_address>
         <size>0x15a</size>
         <input_file_ref idref="fl-3d"/>
      </object_component>
      <object_component id="oc-294">
         <name>.debug_info</name>
         <load_address>0x4a54</load_address>
         <run_address>0x4a54</run_address>
         <size>0x19e</size>
         <input_file_ref idref="fl-3d"/>
      </object_component>
      <object_component id="oc-2eb">
         <name>.debug_info</name>
         <load_address>0x4bf2</load_address>
         <run_address>0x4bf2</run_address>
         <size>0x2f5</size>
         <input_file_ref idref="fl-3e"/>
      </object_component>
      <object_component id="oc-28c">
         <name>.debug_info</name>
         <load_address>0x4ee7</load_address>
         <run_address>0x4ee7</run_address>
         <size>0x29d</size>
         <input_file_ref idref="fl-3e"/>
      </object_component>
      <object_component id="oc-ad">
         <name>.debug_info</name>
         <load_address>0x5184</load_address>
         <run_address>0x5184</run_address>
         <size>0xec</size>
         <input_file_ref idref="fl-4a"/>
      </object_component>
      <object_component id="oc-324">
         <name>.debug_info</name>
         <load_address>0x5270</load_address>
         <run_address>0x5270</run_address>
         <size>0x476</size>
         <input_file_ref idref="fl-4b"/>
      </object_component>
      <object_component id="oc-35f">
         <name>.debug_info</name>
         <load_address>0x56e6</load_address>
         <run_address>0x56e6</run_address>
         <size>0xd9</size>
         <input_file_ref idref="fl-4b"/>
      </object_component>
      <object_component id="oc-321">
         <name>.debug_info</name>
         <load_address>0x57bf</load_address>
         <run_address>0x57bf</run_address>
         <size>0xd9</size>
         <input_file_ref idref="fl-4b"/>
      </object_component>
      <object_component id="oc-2e8">
         <name>.debug_info</name>
         <load_address>0x5898</load_address>
         <run_address>0x5898</run_address>
         <size>0x165</size>
         <input_file_ref idref="fl-4b"/>
      </object_component>
      <object_component id="oc-413">
         <name>.debug_info</name>
         <load_address>0x59fd</load_address>
         <run_address>0x59fd</run_address>
         <size>0x164</size>
         <input_file_ref idref="fl-4b"/>
      </object_component>
      <object_component id="oc-3f2">
         <name>.debug_info</name>
         <load_address>0x5b61</load_address>
         <run_address>0x5b61</run_address>
         <size>0x1b7</size>
         <input_file_ref idref="fl-4b"/>
      </object_component>
      <object_component id="oc-3c2">
         <name>.debug_info</name>
         <load_address>0x5d18</load_address>
         <run_address>0x5d18</run_address>
         <size>0x17e</size>
         <input_file_ref idref="fl-4b"/>
      </object_component>
      <object_component id="oc-349">
         <name>.debug_info</name>
         <load_address>0x5e96</load_address>
         <run_address>0x5e96</run_address>
         <size>0x16b</size>
         <input_file_ref idref="fl-4b"/>
      </object_component>
      <object_component id="oc-3bb">
         <name>.debug_info</name>
         <load_address>0x6001</load_address>
         <run_address>0x6001</run_address>
         <size>0x164</size>
         <input_file_ref idref="fl-4b"/>
      </object_component>
      <object_component id="oc-365">
         <name>.debug_info</name>
         <load_address>0x6165</load_address>
         <run_address>0x6165</run_address>
         <size>0x120</size>
         <input_file_ref idref="fl-4b"/>
      </object_component>
      <object_component id="oc-30a">
         <name>.debug_info</name>
         <load_address>0x6285</load_address>
         <run_address>0x6285</run_address>
         <size>0x2c</size>
         <input_file_ref idref="fl-4b"/>
      </object_component>
      <object_component id="oc-36a">
         <name>.debug_info</name>
         <load_address>0x62b1</load_address>
         <run_address>0x62b1</run_address>
         <size>0x2c</size>
         <input_file_ref idref="fl-4b"/>
      </object_component>
      <object_component id="oc-1db">
         <name>.debug_info</name>
         <load_address>0x62dd</load_address>
         <run_address>0x62dd</run_address>
         <size>0xfd</size>
         <input_file_ref idref="fl-4c"/>
      </object_component>
      <object_component id="oc-181">
         <name>.debug_info</name>
         <load_address>0x63da</load_address>
         <run_address>0x63da</run_address>
         <size>0xfd</size>
         <input_file_ref idref="fl-4d"/>
      </object_component>
      <object_component id="oc-31e">
         <name>.debug_info</name>
         <load_address>0x64d7</load_address>
         <run_address>0x64d7</run_address>
         <size>0x14e</size>
         <input_file_ref idref="fl-4e"/>
      </object_component>
      <object_component id="oc-2d9">
         <name>.debug_info</name>
         <load_address>0x6625</load_address>
         <run_address>0x6625</run_address>
         <size>0x202</size>
         <input_file_ref idref="fl-4e"/>
      </object_component>
      <object_component id="oc-f6">
         <name>.debug_info</name>
         <load_address>0x6827</load_address>
         <run_address>0x6827</run_address>
         <size>0x14e</size>
         <input_file_ref idref="fl-4f"/>
      </object_component>
      <object_component id="oc-91">
         <name>.debug_info</name>
         <load_address>0x6975</load_address>
         <run_address>0x6975</run_address>
         <size>0x172</size>
         <input_file_ref idref="fl-4f"/>
      </object_component>
      <object_component id="oc-2f4">
         <name>.debug_info</name>
         <load_address>0x6ae7</load_address>
         <run_address>0x6ae7</run_address>
         <size>0x143</size>
         <input_file_ref idref="fl-50"/>
      </object_component>
      <object_component id="oc-29c">
         <name>.debug_info</name>
         <load_address>0x6c2a</load_address>
         <run_address>0x6c2a</run_address>
         <size>0x227</size>
         <input_file_ref idref="fl-50"/>
      </object_component>
      <object_component id="oc-19f">
         <name>.debug_info</name>
         <load_address>0x6e51</load_address>
         <run_address>0x6e51</run_address>
         <size>0xfe</size>
         <input_file_ref idref="fl-52"/>
      </object_component>
      <object_component id="oc-b9">
         <name>.debug_info</name>
         <load_address>0x6f4f</load_address>
         <run_address>0x6f4f</run_address>
         <size>0x129</size>
         <input_file_ref idref="fl-53"/>
      </object_component>
      <object_component id="oc-41d">
         <name>.debug_info</name>
         <load_address>0x7078</load_address>
         <run_address>0x7078</run_address>
         <size>0x148</size>
         <input_file_ref idref="fl-55"/>
      </object_component>
      <object_component id="oc-407">
         <name>.debug_info</name>
         <load_address>0x71c0</load_address>
         <run_address>0x71c0</run_address>
         <size>0x217</size>
         <input_file_ref idref="fl-55"/>
      </object_component>
      <object_component id="oc-42c">
         <name>.debug_info</name>
         <load_address>0x73d7</load_address>
         <run_address>0x73d7</run_address>
         <size>0x138</size>
         <input_file_ref idref="fl-56"/>
      </object_component>
      <object_component id="oc-424">
         <name>.debug_info</name>
         <load_address>0x750f</load_address>
         <run_address>0x750f</run_address>
         <size>0x225</size>
         <input_file_ref idref="fl-56"/>
      </object_component>
      <object_component id="oc-2f8">
         <name>.debug_info</name>
         <load_address>0x7734</load_address>
         <run_address>0x7734</run_address>
         <size>0x138</size>
         <input_file_ref idref="fl-57"/>
      </object_component>
      <object_component id="oc-2b4">
         <name>.debug_info</name>
         <load_address>0x786c</load_address>
         <run_address>0x786c</run_address>
         <size>0x1e2</size>
         <input_file_ref idref="fl-57"/>
      </object_component>
      <object_component id="oc-41f">
         <name>.debug_info</name>
         <load_address>0x7a4e</load_address>
         <run_address>0x7a4e</run_address>
         <size>0x144</size>
         <input_file_ref idref="fl-58"/>
      </object_component>
      <object_component id="oc-40a">
         <name>.debug_info</name>
         <load_address>0x7b92</load_address>
         <run_address>0x7b92</run_address>
         <size>0x217</size>
         <input_file_ref idref="fl-58"/>
      </object_component>
      <object_component id="oc-3c7">
         <name>.debug_info</name>
         <load_address>0x7da9</load_address>
         <run_address>0x7da9</run_address>
         <size>0x2c0</size>
         <input_file_ref idref="fl-59"/>
      </object_component>
      <object_component id="oc-398">
         <name>.debug_info</name>
         <load_address>0x8069</load_address>
         <run_address>0x8069</run_address>
         <size>0x1cd</size>
         <input_file_ref idref="fl-59"/>
      </object_component>
      <object_component id="oc-3a4">
         <name>.debug_info</name>
         <load_address>0x8236</load_address>
         <run_address>0x8236</run_address>
         <size>0x191</size>
         <input_file_ref idref="fl-59"/>
      </object_component>
      <object_component id="oc-3aa">
         <name>.debug_info</name>
         <load_address>0x83c7</load_address>
         <run_address>0x83c7</run_address>
         <size>0x203</size>
         <input_file_ref idref="fl-59"/>
      </object_component>
      <object_component id="oc-392">
         <name>.debug_info</name>
         <load_address>0x85ca</load_address>
         <run_address>0x85ca</run_address>
         <size>0x1cb</size>
         <input_file_ref idref="fl-59"/>
      </object_component>
      <object_component id="oc-386">
         <name>.debug_info</name>
         <load_address>0x8795</load_address>
         <run_address>0x8795</run_address>
         <size>0x1dc</size>
         <input_file_ref idref="fl-59"/>
      </object_component>
      <object_component id="oc-39e">
         <name>.debug_info</name>
         <load_address>0x8971</load_address>
         <run_address>0x8971</run_address>
         <size>0x20e</size>
         <input_file_ref idref="fl-59"/>
      </object_component>
      <object_component id="oc-38c">
         <name>.debug_info</name>
         <load_address>0x8b7f</load_address>
         <run_address>0x8b7f</run_address>
         <size>0x189</size>
         <input_file_ref idref="fl-59"/>
      </object_component>
      <object_component id="oc-3fd">
         <name>.debug_info</name>
         <load_address>0x8d08</load_address>
         <run_address>0x8d08</run_address>
         <size>0x169</size>
         <input_file_ref idref="fl-5a"/>
      </object_component>
      <object_component id="oc-3fa">
         <name>.debug_info</name>
         <load_address>0x8e71</load_address>
         <run_address>0x8e71</run_address>
         <size>0xdc</size>
         <input_file_ref idref="fl-5a"/>
      </object_component>
      <object_component id="oc-3ca">
         <name>.debug_info</name>
         <load_address>0x8f4d</load_address>
         <run_address>0x8f4d</run_address>
         <size>0x1b5</size>
         <input_file_ref idref="fl-5a"/>
      </object_component>
      <object_component id="oc-3d0">
         <name>.debug_info</name>
         <load_address>0x9102</load_address>
         <run_address>0x9102</run_address>
         <size>0x170</size>
         <input_file_ref idref="fl-5a"/>
      </object_component>
      <object_component id="oc-184">
         <name>.debug_info</name>
         <load_address>0x9272</load_address>
         <run_address>0x9272</run_address>
         <size>0x313</size>
         <input_file_ref idref="fl-5b"/>
      </object_component>
      <object_component id="oc-13f">
         <name>.debug_info</name>
         <load_address>0x9585</load_address>
         <run_address>0x9585</run_address>
         <size>0x1ee</size>
         <input_file_ref idref="fl-5b"/>
      </object_component>
      <object_component id="oc-188">
         <name>.debug_info</name>
         <load_address>0x9773</load_address>
         <run_address>0x9773</run_address>
         <size>0x1d3</size>
         <input_file_ref idref="fl-5b"/>
      </object_component>
      <object_component id="oc-18e">
         <name>.debug_info</name>
         <load_address>0x9946</load_address>
         <run_address>0x9946</run_address>
         <size>0x172</size>
         <input_file_ref idref="fl-5b"/>
      </object_component>
      <object_component id="oc-194">
         <name>.debug_info</name>
         <load_address>0x9ab8</load_address>
         <run_address>0x9ab8</run_address>
         <size>0x18b</size>
         <input_file_ref idref="fl-5b"/>
      </object_component>
      <object_component id="oc-127">
         <name>.debug_info</name>
         <load_address>0x9c43</load_address>
         <run_address>0x9c43</run_address>
         <size>0x30b</size>
         <input_file_ref idref="fl-5b"/>
      </object_component>
      <object_component id="oc-21e">
         <name>.debug_info</name>
         <load_address>0x9f4e</load_address>
         <run_address>0x9f4e</run_address>
         <size>0xcb</size>
         <input_file_ref idref="fl-5b"/>
      </object_component>
      <object_component id="oc-223">
         <name>.debug_info</name>
         <load_address>0xa019</load_address>
         <run_address>0xa019</run_address>
         <size>0x2c</size>
         <input_file_ref idref="fl-5b"/>
      </object_component>
      <object_component id="oc-1a4">
         <name>.debug_info</name>
         <load_address>0xa045</load_address>
         <run_address>0xa045</run_address>
         <size>0x2c</size>
         <input_file_ref idref="fl-5b"/>
      </object_component>
      <object_component id="oc-219">
         <name>.debug_info</name>
         <load_address>0xa071</load_address>
         <run_address>0xa071</run_address>
         <size>0x2c</size>
         <input_file_ref idref="fl-5b"/>
      </object_component>
      <object_component id="oc-1a9">
         <name>.debug_info</name>
         <load_address>0xa09d</load_address>
         <run_address>0xa09d</run_address>
         <size>0x148</size>
         <input_file_ref idref="fl-5b"/>
      </object_component>
      <object_component id="oc-211">
         <name>.debug_info</name>
         <load_address>0xa1e5</load_address>
         <run_address>0xa1e5</run_address>
         <size>0xc1</size>
         <input_file_ref idref="fl-5b"/>
      </object_component>
      <object_component id="oc-31c">
         <name>.debug_info</name>
         <load_address>0xa2a6</load_address>
         <run_address>0xa2a6</run_address>
         <size>0x1a3</size>
         <input_file_ref idref="fl-5c"/>
      </object_component>
      <object_component id="oc-2d3">
         <name>.debug_info</name>
         <load_address>0xa449</load_address>
         <run_address>0xa449</run_address>
         <size>0x16c</size>
         <input_file_ref idref="fl-5c"/>
      </object_component>
      <object_component id="oc-355">
         <name>.debug_info</name>
         <load_address>0xa5b5</load_address>
         <run_address>0xa5b5</run_address>
         <size>0xbb</size>
         <input_file_ref idref="fl-5c"/>
      </object_component>
      <object_component id="oc-16b">
         <name>.debug_info</name>
         <load_address>0xa670</load_address>
         <run_address>0xa670</run_address>
         <size>0x139</size>
         <input_file_ref idref="fl-5d"/>
      </object_component>
      <object_component id="oc-114">
         <name>.debug_info</name>
         <load_address>0xa7a9</load_address>
         <run_address>0xa7a9</run_address>
         <size>0xd5</size>
         <input_file_ref idref="fl-5d"/>
      </object_component>
      <object_component id="oc-11d">
         <name>.debug_info</name>
         <load_address>0xa87e</load_address>
         <run_address>0xa87e</run_address>
         <size>0xd9</size>
         <input_file_ref idref="fl-5d"/>
      </object_component>
      <object_component id="oc-166">
         <name>.debug_info</name>
         <load_address>0xa957</load_address>
         <run_address>0xa957</run_address>
         <size>0x104</size>
         <input_file_ref idref="fl-5d"/>
      </object_component>
      <object_component id="oc-2c5">
         <name>.debug_info</name>
         <load_address>0xaa5b</load_address>
         <run_address>0xaa5b</run_address>
         <size>0x2b3</size>
         <input_file_ref idref="fl-5e"/>
      </object_component>
      <object_component id="oc-333">
         <name>.debug_info</name>
         <load_address>0xad0e</load_address>
         <run_address>0xad0e</run_address>
         <size>0x188</size>
         <input_file_ref idref="fl-5e"/>
      </object_component>
      <object_component id="oc-372">
         <name>.debug_info</name>
         <load_address>0xae96</load_address>
         <run_address>0xae96</run_address>
         <size>0x185</size>
         <input_file_ref idref="fl-5e"/>
      </object_component>
      <object_component id="oc-339">
         <name>.debug_info</name>
         <load_address>0xb01b</load_address>
         <run_address>0xb01b</run_address>
         <size>0x1cd</size>
         <input_file_ref idref="fl-5e"/>
      </object_component>
      <object_component id="oc-2fc">
         <name>.debug_info</name>
         <load_address>0xb1e8</load_address>
         <run_address>0xb1e8</run_address>
         <size>0x210</size>
         <input_file_ref idref="fl-5e"/>
      </object_component>
      <object_component id="oc-2ba">
         <name>.debug_info</name>
         <load_address>0xb3f8</load_address>
         <run_address>0xb3f8</run_address>
         <size>0x265</size>
         <input_file_ref idref="fl-5e"/>
      </object_component>
      <object_component id="oc-2c0">
         <name>.debug_info</name>
         <load_address>0xb65d</load_address>
         <run_address>0xb65d</run_address>
         <size>0x208</size>
         <input_file_ref idref="fl-5e"/>
      </object_component>
      <object_component id="oc-27f">
         <name>.debug_info</name>
         <load_address>0xb865</load_address>
         <run_address>0xb865</run_address>
[...]
         <name>fputs</name>
         <value>0x85e8</value>
         <object_component_ref idref="oc-28b"/>
      </symbol>
      <symbol id="sm-271">
         <name>__TI_int02</name>
         <value>0xffe4</value>
         <object_component_ref idref="oc-3c"/>
      </symbol>
      <symbol id="sm-274">
         <name>__TI_int03</name>
         <value>0xffe6</value>
         <object_component_ref idref="oc-3d"/>
      </symbol>
      <symbol id="sm-277">
         <name>__TI_int05</name>
         <value>0xffea</value>
         <object_component_ref idref="oc-3e"/>
      </symbol>
      <symbol id="sm-27a">
         <name>__TI_int06</name>
         <value>0xffec</value>
         <object_component_ref idref="oc-3f"/>
      </symbol>
      <symbol id="sm-27d">
         <name>__TI_int07</name>
         <value>0xffee</value>
         <object_component_ref idref="oc-40"/>
      </symbol>
      <symbol id="sm-280">
         <name>__TI_int08</name>
         <value>0xfff0</value>
         <object_component_ref idref="oc-41"/>
      </symbol>
      <symbol id="sm-283">
         <name>__TI_int09</name>
         <value>0xfff2</value>
         <object_component_ref idref="oc-42"/>
      </symbol>
      <symbol id="sm-286">
         <name>__TI_int10</name>
         <value>0xfff4</value>
         <object_component_ref idref="oc-43"/>
      </symbol>
      <symbol id="sm-289">
         <name>__TI_int12</name>
         <value>0xfff8</value>
         <object_component_ref idref="oc-44"/>
      </symbol>
      <symbol id="sm-28c">
         <name>__TI_int13</name>
         <value>0xfffa</value>
         <object_component_ref idref="oc-45"/>
      </symbol>
      <symbol id="sm-28f">
         <name>__TI_int14</name>
         <value>0xfffc</value>
         <object_component_ref idref="oc-46"/>
      </symbol>
      <symbol id="sm-297">
         <name>__TI_ISR_TRAP</name>
         <value>0x9b24</value>
         <object_component_ref idref="oc-aa"/>
      </symbol>
      <symbol id="sm-2f1">
         <name>lseek</name>
         <value>0x9928</value>
         <object_component_ref idref="oc-345"/>
      </symbol>
      <symbol id="sm-2f2">
         <name>write</name>
         <value>0x9972</value>
         <object_component_ref idref="oc-2e4"/>
      </symbol>
      <symbol id="sm-2f3">
         <name>close</name>
         <value>0x94f2</value>
         <object_component_ref idref="oc-3b7"/>
      </symbol>
      <symbol id="sm-2f4">
         <name>unlink</name>
         <value>0x9900</value>
         <object_component_ref idref="oc-3be"/>
      </symbol>
      <symbol id="sm-2fc">
         <name>__mspabi_slli</name>
         <value>0x9856</value>
         <object_component_ref idref="oc-1da"/>
      </symbol>
      <symbol id="sm-2fd">
         <name>__mspabi_slli_9</name>
         <value>0x986e</value>
         <object_component_ref idref="oc-1da"/>
      </symbol>
      <symbol id="sm-2fe">
         <name>__mspabi_slli_8</name>
         <value>0x9870</value>
         <object_component_ref idref="oc-1da"/>
      </symbol>
      <symbol id="sm-2ff">
         <name>__mspabi_slli_7</name>
         <value>0x9872</value>
         <object_component_ref idref="oc-1da"/>
      </symbol>
      <symbol id="sm-300">
         <name>__mspabi_slli_6</name>
         <value>0x9874</value>
         <object_component_ref idref="oc-1da"/>
      </symbol>
      <symbol id="sm-301">
         <name>__mspabi_slli_5</name>
         <value>0x9876</value>
         <object_component_ref idref="oc-1da"/>
      </symbol>
      <symbol id="sm-302">
         <name>__mspabi_slli_4</name>
         <value>0x9878</value>
         <object_component_ref idref="oc-1da"/>
      </symbol>
      <symbol id="sm-303">
         <name>__mspabi_slli_3</name>
         <value>0x987a</value>
         <object_component_ref idref="oc-1da"/>
      </symbol>
      <symbol id="sm-304">
         <name>__mspabi_slli_2</name>
         <value>0x987c</value>
         <object_component_ref idref="oc-1da"/>
      </symbol>
      <symbol id="sm-305">
         <name>__mspabi_slli_1</name>
         <value>0x987e</value>
         <object_component_ref idref="oc-1da"/>
      </symbol>
      <symbol id="sm-306">
         <name>__mspabi_slli_15</name>
         <value>0x9862</value>
         <object_component_ref idref="oc-1da"/>
      </symbol>
      <symbol id="sm-307">
         <name>__mspabi_slli_14</name>
         <value>0x9864</value>
         <object_component_ref idref="oc-1da"/>
      </symbol>
      <symbol id="sm-308">
         <name>__mspabi_slli_13</name>
         <value>0x9866</value>
         <object_component_ref idref="oc-1da"/>
      </symbol>
      <symbol id="sm-309">
         <name>__mspabi_slli_12</name>
         <value>0x9868</value>
         <object_component_ref idref="oc-1da"/>
      </symbol>
      <symbol id="sm-30a">
         <name>__mspabi_slli_11</name>
         <value>0x986a</value>
         <object_component_ref idref="oc-1da"/>
      </symbol>
      <symbol id="sm-30b">
         <name>__mspabi_slli_10</name>
         <value>0x986c</value>
         <object_component_ref idref="oc-1da"/>
      </symbol>
      <symbol id="sm-313">
         <name>__mspabi_srli_8</name>
         <value>0x94d0</value>
         <object_component_ref idref="oc-17e"/>
      </symbol>
      <symbol id="sm-314">
         <name>__mspabi_srli_9</name>
         <value>0x94cc</value>
         <object_component_ref idref="oc-17e"/>
      </symbol>
      <symbol id="sm-315">
         <name>__mspabi_srli_6</name>
         <value>0x94d8</value>
         <object_component_ref idref="oc-17e"/>
      </symbol>
      <symbol id="sm-316">
         <name>__mspabi_srli_7</name>
         <value>0x94d4</value>
         <object_component_ref idref="oc-17e"/>
      </symbol>
      <symbol id="sm-317">
         <name>__mspabi_srli_4</name>
         <value>0x94e0</value>
         <object_component_ref idref="oc-17e"/>
      </symbol>
      <symbol id="sm-318">
         <name>__mspabi_srli_5</name>
         <value>0x94dc</value>
         <object_component_ref idref="oc-17e"/>
      </symbol>
      <symbol id="sm-319">
         <name>__mspabi_srli_2</name>
         <value>0x94e8</value>
         <object_component_ref idref="oc-17e"/>
      </symbol>
      <symbol id="sm-31a">
         <name>__mspabi_srli_3</name>
         <value>0x94e4</value>
         <object_component_ref idref="oc-17e"/>
      </symbol>
      <symbol id="sm-31b">
         <name>__mspabi_srli_1</name>
         <value>0x94ec</value>
         <object_component_ref idref="oc-17e"/>
      </symbol>
      <symbol id="sm-31c">
         <name>__mspabi_srli</name>
         <value>0x94a6</value>
         <object_component_ref idref="oc-17e"/>
      </symbol>
      <symbol id="sm-31d">
         <name>__mspabi_srli_15</name>
         <value>0x94b4</value>
         <object_component_ref idref="oc-17e"/>
      </symbol>
      <symbol id="sm-31e">
         <name>__mspabi_srli_14</name>
         <value>0x94b8</value>
         <object_component_ref idref="oc-17e"/>
      </symbol>
      <symbol id="sm-31f">
         <name>__mspabi_srli_13</name>
         <value>0x94bc</value>
         <object_component_ref idref="oc-17e"/>
      </symbol>
      <symbol id="sm-320">
         <name>__mspabi_srli_12</name>
         <value>0x94c0</value>
         <object_component_ref idref="oc-17e"/>
      </symbol>
      <symbol id="sm-321">
         <name>__mspabi_srli_11</name>
         <value>0x94c4</value>
         <object_component_ref idref="oc-17e"/>
      </symbol>
      <symbol id="sm-322">
         <name>__mspabi_srli_10</name>
         <value>0x94c8</value>
         <object_component_ref idref="oc-17e"/>
      </symbol>
      <symbol id="sm-331">
         <name>memchr</name>
         <value>0x9a7a</value>
         <object_component_ref idref="oc-2d8"/>
      </symbol>
      <symbol id="sm-33f">
         <name>memcpy</name>
         <value>0x9ac8</value>
         <object_component_ref idref="oc-90"/>
      </symbol>
      <symbol id="sm-34d">
         <name>memset</name>
         <value>0x9a8e</value>
         <object_component_ref idref="oc-299"/>
      </symbol>
      <symbol id="sm-358">
         <name>__mspabi_mpyi_sw</name>
         <value>0x9aa2</value>
         <object_component_ref idref="oc-19e"/>
      </symbol>
      <symbol id="sm-359">
         <name>__mspabi_mpyi</name>
         <value>0x9aa2</value>
         <object_component_ref idref="oc-19e"/>
      </symbol>
      <symbol id="sm-362">
         <name>_system_pre_init</name>
         <value>0x9b3e</value>
         <object_component_ref idref="oc-b6"/>
      </symbol>
      <symbol id="sm-372">
         <name>strchr</name>
         <value>0x9a06</value>
         <object_component_ref idref="oc-403"/>
      </symbol>
      <symbol id="sm-380">
         <name>strcmp</name>
         <value>0x9a38</value>
         <object_component_ref idref="oc-420"/>
      </symbol>
      <symbol id="sm-38d">
         <name>strlen</name>
         <value>0x9b0a</value>
         <object_component_ref idref="oc-2b2"/>
      </symbol>
      <symbol id="sm-39d">
         <name>strncpy</name>
         <value>0x9882</value>
         <object_component_ref idref="oc-409"/>
      </symbol>
      <symbol id="sm-3d8">
         <name>HOSTrename</name>
         <value>0x8f98</value>
         <object_component_ref idref="oc-3a9"/>
      </symbol>
      <symbol id="sm-3d9">
         <name>HOSTclose</name>
         <value>0x9584</value>
         <object_component_ref idref="oc-38b"/>
      </symbol>
      <symbol id="sm-3da">
         <name>HOSTunlink</name>
         <value>0x964a</value>
         <object_component_ref idref="oc-3a3"/>
      </symbol>
      <symbol id="sm-3db">
         <name>HOSTlseek</name>
         <value>0x8d30</value>
         <object_component_ref idref="oc-39d"/>
      </symbol>
      <symbol id="sm-3dc">
         <name>HOSTopen</name>
         <value>0x9002</value>
         <object_component_ref idref="oc-385"/>
      </symbol>
      <symbol id="sm-3dd">
         <name>HOSTwrite</name>
         <value>0x9190</value>
         <object_component_ref idref="oc-397"/>
      </symbol>
      <symbol id="sm-3de">
         <name>HOSTread</name>
         <value>0x91f0</value>
         <object_component_ref idref="oc-391"/>
      </symbol>
      <symbol id="sm-3fc">
         <name>__TI_readmsg</name>
         <value>0x982a</value>
         <object_component_ref idref="oc-3cf"/>
      </symbol>
      <symbol id="sm-3fd">
         <name>C$$IO$$</name>
         <value>0x97ca</value>
         <object_component_ref idref="oc-3c9"/>
      </symbol>
      <symbol id="sm-3fe">
         <name>_CIOBUF_</name>
         <value>0x200</value>
         <object_component_ref idref="oc-3f9"/>
      </symbol>
      <symbol id="sm-3ff">
         <name>__TI_writemsg</name>
         <value>0x97a0</value>
         <object_component_ref idref="oc-3c9"/>
      </symbol>
      <symbol id="sm-473">
         <name>__vla_dealloc</name>
         <value>0x8932</value>
         <object_component_ref idref="oc-13d"/>
      </symbol>
      <symbol id="sm-474">
         <name>__vla_alloc</name>
         <value>0x8000</value>
         <object_component_ref idref="oc-125"/>
      </symbol>
      <symbol id="sm-48c">
         <name>__TI_wrt_ok</name>
         <value>0x8e3c</value>
         <object_component_ref idref="oc-2d2"/>
      </symbol>
      <symbol id="sm-4a2">
         <name>_nop</name>
         <value>0x9b46</value>
         <object_component_ref idref="oc-163"/>
      </symbol>
      <symbol id="sm-4a3">
         <name>_lock</name>
         <value>0x412</value>
         <object_component_ref idref="oc-113"/>
      </symbol>
      <symbol id="sm-4a4">
         <name>_unlock</name>
         <value>0x414</value>
         <object_component_ref idref="oc-11c"/>
      </symbol>
      <symbol id="sm-50b">
         <name>__TI_printfi_minimal</name>
         <value>0x87a2</value>
         <object_component_ref idref="oc-27d"/>
      </symbol>
      <symbol id="sm-524">
         <name>_auto_init</name>
         <value>0x92aa</value>
         <object_component_ref idref="oc-bc"/>
      </symbol>
      <symbol id="sm-52e">
         <name>__mspabi_remu</name>
         <value>0x9a50</value>
         <object_component_ref idref="oc-3b1"/>
      </symbol>
      <symbol id="sm-52f">
         <name>__mspabi_divu</name>
         <value>0x9a50</value>
         <object_component_ref idref="oc-3b1"/>
      </symbol>
      <symbol id="sm-538">
         <name>__abort_execution</name>
         <value>0x9b36</value>
         <object_component_ref idref="oc-178"/>
      </symbol>
      <symbol id="sm-556">
         <name>fprintf</name>
         <value>0x9608</value>
         <object_component_ref idref="oc-1f1"/>
      </symbol>
      <symbol id="sm-569">
         <name>putc</name>
         <value>0x8ca0</value>
         <object_component_ref idref="oc-2ab"/>
      </symbol>
      <symbol id="sm-56a">
         <name>fputc</name>
         <value>0x8ca0</value>
         <object_component_ref idref="oc-2ab"/>
      </symbol>
      <symbol id="sm-57a">
         <name>fseek</name>
         <value>0x8f28</value>
         <object_component_ref idref="oc-30f"/>
      </symbol>
      <symbol id="sm-582">
         <name>__mspabi_slll_9</name>
         <value>0x96a2</value>
         <object_component_ref idref="oc-3de"/>
      </symbol>
      <symbol id="sm-583">
         <name>__mspabi_slll_8</name>
         <value>0x96a6</value>
         <object_component_ref idref="oc-3de"/>
      </symbol>
      <symbol id="sm-584">
         <name>__mspabi_slll_7</name>
         <value>0x96aa</value>
         <object_component_ref idref="oc-3de"/>
      </symbol>
      <symbol id="sm-585">
         <name>__mspabi_slll_6</name>
         <value>0x96ae</value>
         <object_component_ref idref="oc-3de"/>
      </symbol>
      <symbol id="sm-586">
         <name>__mspabi_slll_5</name>
         <value>0x96b2</value>
         <object_component_ref idref="oc-3de"/>
      </symbol>
      <symbol id="sm-587">
         <name>__mspabi_slll_4</name>
         <value>0x96b6</value>
         <object_component_ref idref="oc-3de"/>
      </symbol>
      <symbol id="sm-588">
         <name>__mspabi_slll_3</name>
         <value>0x96ba</value>
         <object_component_ref idref="oc-3de"/>
      </symbol>
      <symbol id="sm-589">
         <name>__mspabi_slll_2</name>
         <value>0x96be</value>
         <object_component_ref idref="oc-3de"/>
      </symbol>
      <symbol id="sm-58a">
         <name>__mspabi_slll_1</name>
         <value>0x96c2</value>
         <object_component_ref idref="oc-3de"/>
      </symbol>
      <symbol id="sm-58b">
         <name>__mspabi_slll_15</name>
         <value>0x968a</value>
         <object_component_ref idref="oc-3de"/>
      </symbol>
      <symbol id="sm-58c">
         <name>__mspabi_slll_14</name>
         <value>0x968e</value>
         <object_component_ref idref="oc-3de"/>
      </symbol>
      <symbol id="sm-58d">
         <name>__mspabi_slll_13</name>
         <value>0x9692</value>
         <object_component_ref idref="oc-3de"/>
      </symbol>
      <symbol id="sm-58e">
         <name>__mspabi_slll_12</name>
         <value>0x9696</value>
         <object_component_ref idref="oc-3de"/>
      </symbol>
      <symbol id="sm-58f">
         <name>__mspabi_slll_11</name>
         <value>0x969a</value>
         <object_component_ref idref="oc-3de"/>
      </symbol>
      <symbol id="sm-590">
         <name>__mspabi_slll_10</name>
         <value>0x969e</value>
         <object_component_ref idref="oc-3de"/>
      </symbol>
      <symbol id="sm-598">
         <name>__mspabi_srll_8</name>
         <value>0x9278</value>
         <object_component_ref idref="oc-3d9"/>
      </symbol>
      <symbol id="sm-599">
         <name>__mspabi_srll_9</name>
         <value>0x9272</value>
         <object_component_ref idref="oc-3d9"/>
      </symbol>
      <symbol id="sm-59a">
         <name>__mspabi_srll_6</name>
         <value>0x9284</value>
         <object_component_ref idref="oc-3d9"/>
      </symbol>
      <symbol id="sm-59b">
         <name>__mspabi_srll_7</name>
         <value>0x927e</value>
         <object_component_ref idref="oc-3d9"/>
      </symbol>
      <symbol id="sm-59c">
         <name>__mspabi_srll_4</name>
         <value>0x9290</value>
         <object_component_ref idref="oc-3d9"/>
      </symbol>
      <symbol id="sm-59d">
         <name>__mspabi_srll_5</name>
         <value>0x928a</value>
         <object_component_ref idref="oc-3d9"/>
      </symbol>
      <symbol id="sm-59e">
         <name>__mspabi_srll_2</name>
         <value>0x929c</value>
         <object_component_ref idref="oc-3d9"/>
      </symbol>
      <symbol id="sm-59f">
         <name>__mspabi_srll_3</name>
         <value>0x9296</value>
         <object_component_ref idref="oc-3d9"/>
      </symbol>
      <symbol id="sm-5a0">
         <name>__mspabi_srll_1</name>
         <value>0x92a2</value>
         <object_component_ref idref="oc-3d9"/>
      </symbol>
      <symbol id="sm-5a1">
         <name>__mspabi_srll_15</name>
         <value>0x924e</value>
         <object_component_ref idref="oc-3d9"/>
      </symbol>
      <symbol id="sm-5a2">
         <name>__mspabi_srll_14</name>
         <value>0x9254</value>
         <object_component_ref idref="oc-3d9"/>
      </symbol>
      <symbol id="sm-5a3">
         <name>__mspabi_srll_13</name>
         <value>0x925a</value>
         <object_component_ref idref="oc-3d9"/>
      </symbol>
      <symbol id="sm-5a4">
         <name>__mspabi_srll_12</name>
         <value>0x9260</value>
         <object_component_ref idref="oc-3d9"/>
      </symbol>
      <symbol id="sm-5a5">
         <name>__mspabi_srll_11</name>
         <value>0x9266</value>
         <object_component_ref idref="oc-3d9"/>
      </symbol>
      <symbol id="sm-5a6">
         <name>__mspabi_srll_10</name>
         <value>0x926c</value>
         <object_component_ref idref="oc-3d9"/>
      </symbol>
      <symbol id="sm-5b5">
         <name>memccpy</name>
         <value>0x99ec</value>
         <object_component_ref idref="oc-300"/>
      </symbol>
      <symbol id="sm-61c">
         <name>_sys_memory</name>
         <value>0x4d8</value>
         <object_component_ref idref="oc-8d"/>
      </symbol>
      <symbol id="sm-61d">
         <name>free</name>
         <value>0x8dbc</value>
         <object_component_ref idref="oc-1e7"/>
      </symbol>
      <symbol id="sm-61e">
         <name>realloc</name>
         <value>0x82b6</value>
         <object_component_ref idref="oc-22b"/>
      </symbol>
      <symbol id="sm-61f">
         <name>malloc</name>
         <value>0x8aac</value>
         <object_component_ref idref="oc-198"/>
      </symbol>
      <symbol id="sm-620">
         <name>minit</name>
         <value>0x9700</value>
         <object_component_ref idref="oc-235"/>
      </symbol>
      <symbol id="sm-638">
         <name>setvbuf</name>
         <value>0x86d2</value>
         <object_component_ref idref="oc-315"/>
      </symbol>
      <symbol id="sm-645">
         <name>strcpy</name>
         <value>0x9afa</value>
         <object_component_ref idref="oc-3e5"/>
      </symbol>
      <symbol id="sm-651">
         <name>__TI_cleanup</name>
         <value>0x9738</value>
         <object_component_ref idref="oc-34d"/>
      </symbol>
      <symbol id="sm-661">
         <name>__TI_closefile</name>
         <value>0x8eb6</value>
         <object_component_ref idref="oc-37c"/>
      </symbol>
      <symbol id="sm-665">
         <name>__TI_INITARRAY_Base</name>
         <value>0x0</value>
      </symbol>
      <symbol id="sm-666">
         <name>__TI_INITARRAY_Limit</name>
         <value>0x0</value>
      </symbol>
      <symbol id="sm-667">
         <name>remove</name>
         <value>0x9900</value>
      </symbol>
   </symbol_table>
   <title>Link successful</title>
</link_info>
